Archive member included to satisfy reference by file (symbol)

..\..\include\LCD_st7735\libLCD_st7735.a(LCD_st7735.c.obj)
                              CMakeFiles/counter.dir/main_functions.c.obj (ST7735_Init)
..\..\include\LCD_st7735\libLCD_st7735.a(fonts.c.obj)
                              CMakeFiles/counter.dir/main_functions.c.obj (Font_16x26)
..\..\include\LCD_st7735\libLCD_st7735.a(DEV_Config.c.obj)
                              ..\..\include\LCD_st7735\libLCD_st7735.a(LCD_st7735.c.obj) (DEV_Digital_Write)
d:/pico/armcc/10 2021.10/bin/../lib/gcc/arm-none-eabi/10.3.1/thumb/v6-m/nofp\libgcc.a(_dvmd_tls.o)
                              CMakeFiles/counter.dir/D_/pico/pico-sdk/src/rp2_common/pico_divider/divider.S.obj (__aeabi_idiv0)
d:/pico/armcc/10 2021.10/bin/../lib/gcc/arm-none-eabi/10.3.1/../../../../arm-none-eabi/lib/thumb/v6-m/nofp\libg.a(lib_a-calloc.o)
                              CMakeFiles/counter.dir/D_/pico/pico-sdk/src/rp2_common/pico_malloc/pico_malloc.c.obj (calloc)
d:/pico/armcc/10 2021.10/bin/../lib/gcc/arm-none-eabi/10.3.1/../../../../arm-none-eabi/lib/thumb/v6-m/nofp\libg.a(lib_a-callocr.o)
                              d:/pico/armcc/10 2021.10/bin/../lib/gcc/arm-none-eabi/10.3.1/../../../../arm-none-eabi/lib/thumb/v6-m/nofp\libg.a(lib_a-calloc.o) (_calloc_r)
d:/pico/armcc/10 2021.10/bin/../lib/gcc/arm-none-eabi/10.3.1/../../../../arm-none-eabi/lib/thumb/v6-m/nofp\libg.a(lib_a-ctype_.o)
                              CMakeFiles/counter.dir/D_/pico/pico-sdk/lib/tinyusb/src/tusb.c.obj (_ctype_)
d:/pico/armcc/10 2021.10/bin/../lib/gcc/arm-none-eabi/10.3.1/../../../../arm-none-eabi/lib/thumb/v6-m/nofp\libg.a(lib_a-errno.o)
                              d:/pico/armcc/10 2021.10/bin/../lib/gcc/arm-none-eabi/10.3.1/../../../../arm-none-eabi/lib/thumb/v6-m/nofp\libg.a(lib_a-callocr.o) (__errno)
d:/pico/armcc/10 2021.10/bin/../lib/gcc/arm-none-eabi/10.3.1/../../../../arm-none-eabi/lib/thumb/v6-m/nofp\libg.a(lib_a-impure.o)
                              d:/pico/armcc/10 2021.10/bin/../lib/gcc/arm-none-eabi/10.3.1/../../../../arm-none-eabi/lib/thumb/v6-m/nofp\libg.a(lib_a-calloc.o) (_impure_ptr)
d:/pico/armcc/10 2021.10/bin/../lib/gcc/arm-none-eabi/10.3.1/../../../../arm-none-eabi/lib/thumb/v6-m/nofp\libg.a(lib_a-init.o)
                              d:/pico/armcc/10 2021.10/bin/../lib/gcc/arm-none-eabi/10.3.1/../../../../arm-none-eabi/lib/thumb/v6-m/nofp/crt0.o (__libc_init_array)
d:/pico/armcc/10 2021.10/bin/../lib/gcc/arm-none-eabi/10.3.1/../../../../arm-none-eabi/lib/thumb/v6-m/nofp\libg.a(lib_a-malloc.o)
                              CMakeFiles/counter.dir/D_/pico/pico-sdk/src/rp2_common/pico_malloc/pico_malloc.c.obj (malloc)
d:/pico/armcc/10 2021.10/bin/../lib/gcc/arm-none-eabi/10.3.1/../../../../arm-none-eabi/lib/thumb/v6-m/nofp\libg.a(lib_a-mallocr.o)
                              d:/pico/armcc/10 2021.10/bin/../lib/gcc/arm-none-eabi/10.3.1/../../../../arm-none-eabi/lib/thumb/v6-m/nofp\libg.a(lib_a-callocr.o) (_malloc_r)
d:/pico/armcc/10 2021.10/bin/../lib/gcc/arm-none-eabi/10.3.1/../../../../arm-none-eabi/lib/thumb/v6-m/nofp\libg.a(lib_a-mlock.o)
                              d:/pico/armcc/10 2021.10/bin/../lib/gcc/arm-none-eabi/10.3.1/../../../../arm-none-eabi/lib/thumb/v6-m/nofp\libg.a(lib_a-mallocr.o) (__malloc_lock)
d:/pico/armcc/10 2021.10/bin/../lib/gcc/arm-none-eabi/10.3.1/../../../../arm-none-eabi/lib/thumb/v6-m/nofp\libg.a(lib_a-realloc.o)
                              CMakeFiles/counter.dir/D_/pico/pico-sdk/src/rp2_common/pico_malloc/pico_malloc.c.obj (realloc)
d:/pico/armcc/10 2021.10/bin/../lib/gcc/arm-none-eabi/10.3.1/../../../../arm-none-eabi/lib/thumb/v6-m/nofp\libg.a(lib_a-reallocr.o)
                              d:/pico/armcc/10 2021.10/bin/../lib/gcc/arm-none-eabi/10.3.1/../../../../arm-none-eabi/lib/thumb/v6-m/nofp\libg.a(lib_a-realloc.o) (_realloc_r)
d:/pico/armcc/10 2021.10/bin/../lib/gcc/arm-none-eabi/10.3.1/../../../../arm-none-eabi/lib/thumb/v6-m/nofp\libg.a(lib_a-sbrkr.o)
                              d:/pico/armcc/10 2021.10/bin/../lib/gcc/arm-none-eabi/10.3.1/../../../../arm-none-eabi/lib/thumb/v6-m/nofp\libg.a(lib_a-mallocr.o) (_sbrk_r)
d:/pico/armcc/10 2021.10/bin/../lib/gcc/arm-none-eabi/10.3.1/../../../../arm-none-eabi/lib/thumb/v6-m/nofp\libg.a(lib_a-strlen-stub.o)
                              CMakeFiles/counter.dir/D_/pico/pico-sdk/src/rp2_common/pico_stdio/stdio.c.obj (strlen)
d:/pico/armcc/10 2021.10/bin/../lib/gcc/arm-none-eabi/10.3.1/../../../../arm-none-eabi/lib/thumb/v6-m/nofp\libg.a(lib_a-freer.o)
                              d:/pico/armcc/10 2021.10/bin/../lib/gcc/arm-none-eabi/10.3.1/../../../../arm-none-eabi/lib/thumb/v6-m/nofp\libg.a(lib_a-malloc.o) (_free_r)
d:/pico/armcc/10 2021.10/bin/../lib/gcc/arm-none-eabi/10.3.1/../../../../arm-none-eabi/lib/thumb/v6-m/nofp\libg.a(lib_a-lock.o)
[...]
Memory Configuration

Name             Origin             Length             Attributes
FLASH            0x10000000         0x00200000         xr
RAM              0x20000000         0x00040000         xrw
SCRATCH_X        0x20040000         0x00001000         xrw
SCRATCH_Y        0x20041000         0x00001000         xrw
*default*        0x00000000         0xffffffff

Linker script and memory map

LOAD d:/pico/armcc/10 2021.10/bin/../lib/gcc/arm-none-eabi/10.3.1/thumb/v6-m/nofp/crti.o
LOAD d:/pico/armcc/10 2021.10/bin/../lib/gcc/arm-none-eabi/10.3.1/thumb/v6-m/nofp/crtbegin.o
LOAD d:/pico/armcc/10 2021.10/bin/../lib/gcc/arm-none-eabi/10.3.1/../../../../arm-none-eabi/lib/thumb/v6-m/nofp/crt0.o

.flash_begin    0x10000000        0x0
                0x10000000                __flash_binary_start = .

.boot2          0x10000000      0x100
                0x10000000                __boot2_start__ = .
 *(.boot2)
 .boot2         0x10000000      0x100 C:\Users\ployy\AppData\Local\Temp\ccgtWtsT.o
                0x10000100                __boot2_end__ = .
                0x00000001                ASSERT (((__boot2_end__ - __boot2_start__) == 0x100), ERROR: Pico second stage bootloader must be 256 bytes in size)

.text           0x10000100     0x7800
                0x10000100                __logical_binary_start = .
 *(.vectors)
 .vectors       0x10000100       0xd4 CMakeFiles/counter.dir/D_/pico/pico-sdk/src/rp2_common/pico_standard_link/crt0.S.obj
                0x10000100                __VECTOR_TABLE
                0x10000100                __vectors
                0x100001c0                isr_invalid
                0x100001c0                __default_isrs_start
                0x100001c2                isr_nmi
                0x100001c4                isr_hardfault
                0x100001c6                isr_svcall
                0x100001c8                isr_pendsv
                0x100001ca                isr_systick
                0x100001cc                isr_irq23
                0x100001cc                isr_irq18
                0x100001cc                isr_irq11
                0x100001cc                isr_irq28
                0x100001cc                isr_irq19
                0x100001cc                isr_irq0
                0x100001cc                isr_irq6
                0x100001cc                isr_irq5
                0x100001cc                isr_irq12
                0x100001cc                isr_irq22
                0x100001cc                isr_irq31
                0x100001cc                isr_irq17
                0x100001cc                isr_irq27
                0x100001cc                isr_irq30
                0x100001cc                isr_irq2
                0x100001cc                isr_irq10
                0x100001cc                isr_irq8
                0x100001cc                isr_irq24
                0x100001cc                isr_irq1
                0x100001cc                isr_irq7
                0x100001cc                isr_irq21
                0x100001cc                isr_irq20
                0x100001cc                isr_irq15
                0x100001cc                isr_irq25
                0x100001cc                isr_irq13
                0x100001cc                __unhandled_user_irq
                0x100001cc                isr_irq4
                0x100001cc                isr_irq16
                0x100001cc                isr_irq29
                0x100001cc                isr_irq26
                0x100001cc                __default_isrs_end
                0x100001cc                isr_irq3
                0x100001cc                isr_irq14
                0x100001cc                isr_irq9
                0x100001d2                unhandled_user_irq_num_in_r0
 *(.binary_info_header)
 .binary_info_header
                0x100001d4       0x14 CMakeFiles/counter.dir/D_/pico/pico-sdk/src/rp2_common/pico_standard_link/crt0.S.obj
                0x100001e8                __binary_info_header_end = .
 *(.reset)
 .reset         0x100001e8       0xa8 CMakeFiles/counter.dir/D_/pico/pico-sdk/src/rp2_common/pico_standard_link/crt0.S.obj
                0x100001e8                _entry_point
                0x10000266                __get_current_exception
 .reset         0x10000290       0x30 CMakeFiles/counter.dir/D_/pico/pico-sdk/src/rp2_common/pico_standard_link/binary_info.c.obj
 *(.init)
 .init          0x100002c0        0x4 d:/pico/armcc/10 2021.10/bin/../lib/gcc/arm-none-eabi/10.3.1/thumb/v6-m/nofp/crti.o
                0x100002c0                _init
 *(EXCLUDE_FILE(*libm.a: *libc.a:*lib_a-mem*.o *libgcc.a:) .text*)
 .text          0x100002c4       0x48 d:/pico/armcc/10 2021.10/bin/../lib/gcc/arm-none-eabi/10.3.1/thumb/v6-m/nofp/crtbegin.o
 .text.main     0x1000030c       0x12 CMakeFiles/counter.dir/main.c.obj
                0x1000030c                main
 .text.setup    0x1000031e        0xe CMakeFiles/counter.dir/main_functions.c.obj
                0x1000031e                setup
 .text.digitsOfNum
                0x1000032c       0x14 CMakeFiles/counter.dir/main_functions.c.obj
                0x1000032c                digitsOfNum
 .text.loop     0x10000340       0xc4 CMakeFiles/counter.dir/main_functions.c.obj
                0x10000340                loop
 .text.gpio_set_function
                0x10000404       0x30 CMakeFiles/counter.dir/D_/pico/pico-sdk/src/rp2_common/hardware_gpio/gpio.c.obj
                0x10000404                gpio_set_function
 .text.gpio_init
                0x10000434       0x16 CMakeFiles/counter.dir/D_/pico/pico-sdk/src/rp2_common/hardware_gpio/gpio.c.obj
                0x10000434                gpio_init
 *fill*         0x1000044a        0x2 
 .text.hw_claim_lock
                0x1000044c       0x18 CMakeFiles/counter.dir/D_/pico/pico-sdk/src/rp2_common/hardware_claim/claim.c.obj
                0x1000044c                hw_claim_lock
 .text.hw_claim_unlock
                0x10000464       0x14 CMakeFiles/counter.dir/D_/pico/pico-sdk/src/rp2_common/hardware_claim/claim.c.obj
                0x10000464                hw_claim_unlock
 .text.hw_claim_or_assert
                0x10000478       0x32 CMakeFiles/counter.dir/D_/pico/pico-sdk/src/rp2_common/hardware_claim/claim.c.obj
                0x10000478                hw_claim_or_assert
 .text.hw_claim_unused_from_range
                0x100004aa       0x50 CMakeFiles/counter.dir/D_/pico/pico-sdk/src/rp2_common/hardware_claim/claim.c.obj
                0x100004aa                hw_claim_unused_from_range
 *fill*         0x100004fa        0x2 
 .text.running_on_fpga
                0x100004fc       0x14 CMakeFiles/counter.dir/D_/pico/pico-sdk/src/rp2_common/pico_platform/platform.c.obj
                0x100004fc                running_on_fpga
 .text.spin_locks_reset
                0x10000510       0x20 CMakeFiles/counter.dir/D_/pico/pico-sdk/src/rp2_common/hardware_sync/sync.c.obj
                0x10000510                spin_locks_reset
 .text.next_striped_spin_lock_num
                0x10000530       0x1c CMakeFiles/counter.dir/D_/pico/pico-sdk/src/rp2_common/hardware_sync/sync.c.obj
                0x10000530                next_striped_spin_lock_num
 .text.spin_lock_claim_unused
                0x1000054c       0x20 CMakeFiles/counter.dir/D_/pico/pico-sdk/src/rp2_common/hardware_sync/sync.c.obj
                0x1000054c                spin_lock_claim_unused
 .text.set_raw_irq_handler_and_unlock
                0x1000056c       0x28 CMakeFiles/counter.dir/D_/pico/pico-sdk/src/rp2_common/hardware_irq/irq.c.obj
 .text.make_branch
                0x10000594       0x48 CMakeFiles/counter.dir/D_/pico/pico-sdk/src/rp2_common/hardware_irq/irq.c.obj
 .text.insert_branch_and_link
                0x100005dc       0x40 CMakeFiles/counter.dir/D_/pico/pico-sdk/src/rp2_common/hardware_irq/irq.c.obj
 .text.irq_is_enabled
                0x1000061c       0x18 CMakeFiles/counter.dir/D_/pico/pico-sdk/src/rp2_common/hardware_irq/irq.c.obj
                0x1000061c                irq_is_enabled
 .text.irq_set_mask_enabled
                0x10000634       0x20 CMakeFiles/counter.dir/D_/pico/pico-sdk/src/rp2_common/hardware_irq/irq.c.obj
                0x10000634                irq_set_mask_enabled
 .text.irq_set_enabled
                0x10000654        0xe CMakeFiles/counter.dir/D_/pico/pico-sdk/src/rp2_common/hardware_irq/irq.c.obj
                0x10000654                irq_set_enabled
 *fill*         0x10000662        0x2 
 .text.irq_set_pending
                0x10000664       0x10 CMakeFiles/counter.dir/D_/pico/pico-sdk/src/rp2_common/hardware_irq/irq.c.obj
                0x10000664                irq_set_pending
 .text.irq_get_vtable_handler
                0x10000674       0x10 CMakeFiles/counter.dir/D_/pico/pico-sdk/src/rp2_common/hardware_irq/irq.c.obj
                0x10000674                irq_get_vtable_handler
 .text.irq_has_shared_handler
                0x10000684       0x24 CMakeFiles/counter.dir/D_/pico/pico-sdk/src/rp2_common/hardware_irq/irq.c.obj
                0x10000684                irq_has_shared_handler
 .text.irq_set_exclusive_handler
                0x100006a8       0x54 CMakeFiles/counter.dir/D_/pico/pico-sdk/src/rp2_common/hardware_irq/irq.c.obj
                0x100006a8                irq_set_exclusive_handler
 .text.irq_add_shared_handler
                0x100006fc      0x230 CMakeFiles/counter.dir/D_/pico/pico-sdk/src/rp2_common/hardware_irq/irq.c.obj
                0x100006fc                irq_add_shared_handler
 .text.irq_remove_handler
                0x1000092c      0x1a8 CMakeFiles/counter.dir/D_/pico/pico-sdk/src/rp2_common/hardware_irq/irq.c.obj
                0x1000092c                irq_remove_handler
 .text.irq_add_tail_to_free_list
                0x10000ad4       0xf0 CMakeFiles/counter.dir/D_/pico/pico-sdk/src/rp2_common/hardware_irq/irq.c.obj
                0x10000ad4                irq_add_tail_to_free_list
 .text.irq_init_priorities
                0x10000bc4       0x1c CMakeFiles/counter.dir/D_/pico/pico-sdk/src/rp2_common/hardware_irq/irq.c.obj
                0x10000bc4                irq_init_priorities
 .text.user_irq_claim_unused
                0x10000be0       0x30 CMakeFiles/counter.dir/D_/pico/pico-sdk/src/rp2_common/hardware_irq/irq.c.obj
                0x10000be0                user_irq_claim_unused
 .text.lock_init
                0x10000c10       0x10 CMakeFiles/counter.dir/D_/pico/pico-sdk/src/common/pico_sync/lock_core.c.obj
                0x10000c10                lock_init
 .text.alarm_pool_post_alloc_init
                0x10000c20       0x40 CMakeFiles/counter.dir/D_/pico/pico-sdk/src/common/pico_time/time.c.obj
 .text.sleep_until_callback
                0x10000c60       0x30 CMakeFiles/counter.dir/D_/pico/pico-sdk/src/common/pico_time/time.c.obj
 .text.timer_pool_entry_comparator
                0x10000c90       0x7c CMakeFiles/counter.dir/D_/pico/pico-sdk/src/common/pico_time/time.c.obj
                0x10000c90                timer_pool_entry_comparator
 .text.ph_add_child_node
                0x10000d0c       0xa4 CMakeFiles/counter.dir/D_/pico/pico-sdk/src/common/pico_time/time.c.obj
 .text.ph_merge_nodes
                0x10000db0       0x3e CMakeFiles/counter.dir/D_/pico/pico-sdk/src/common/pico_time/time.c.obj
 *fill*         0x10000dee        0x2 
 .text.add_alarm_under_lock
                0x10000df0      0x174 CMakeFiles/counter.dir/D_/pico/pico-sdk/src/common/pico_time/time.c.obj
 .text.alarm_pool_alarm_callback
                0x10000f64      0x328 CMakeFiles/counter.dir/D_/pico/pico-sdk/src/common/pico_time/time.c.obj
 .text.alarm_pool_init_default
                0x1000128c       0x38 CMakeFiles/counter.dir/D_/pico/pico-sdk/src/common/pico_time/time.c.obj
                0x1000128c                alarm_pool_init_default
 .text.alarm_pool_get_default
                0x100012c4       0x2c CMakeFiles/counter.dir/D_/pico/pico-sdk/src/common/pico_time/time.c.obj
                0x100012c4                alarm_pool_get_default
 .text.alarm_pool_add_alarm_at
                0x100012f0      0x170 CMakeFiles/counter.dir/D_/pico/pico-sdk/src/common/pico_time/time.c.obj
                0x100012f0                alarm_pool_add_alarm_at
 .text.alarm_pool_cancel_alarm
                0x10001460       0xf0 CMakeFiles/counter.dir/D_/pico/pico-sdk/src/common/pico_time/time.c.obj
                0x10001460                alarm_pool_cancel_alarm
 .text.sleep_until
                0x10001550       0xfc CMakeFiles/counter.dir/D_/pico/pico-sdk/src/common/pico_time/time.c.obj
                0x10001550                sleep_until
 .text.sleep_us
                0x1000164c       0x58 CMakeFiles/counter.dir/D_/pico/pico-sdk/src/common/pico_time/time.c.obj
                0x1000164c                sleep_us
 .text.sleep_ms
                0x100016a4       0x14 CMakeFiles/counter.dir/D_/pico/pico-sdk/src/common/pico_time/time.c.obj
                0x100016a4                sleep_ms
 .text.best_effort_wfe_or_timeout
                0x100016b8       0x80 CMakeFiles/counter.dir/D_/pico/pico-sdk/src/common/pico_time/time.c.obj
                0x100016b8                best_effort_wfe_or_timeout
 .text.hardware_alarm_irq_handler
                0x10001738       0x8c CMakeFiles/counter.dir/D_/pico/pico-sdk/src/rp2_common/hardware_timer/timer.c.obj
 .text.hardware_alarm_claim
                0x100017c4       0x18 CMakeFiles/counter.dir/D_/pico/pico-sdk/src/rp2_common/hardware_timer/timer.c.obj
                0x100017c4                hardware_alarm_claim
 .text.time_us_64
                0x100017dc       0x18 CMakeFiles/counter.dir/D_/pico/pico-sdk/src/rp2_common/hardware_timer/timer.c.obj
                0x100017dc                time_us_64
 .text.busy_wait_until
                0x100017f4       0x28 CMakeFiles/counter.dir/D_/pico/pico-sdk/src/rp2_common/hardware_timer/timer.c.obj
                0x100017f4                busy_wait_until
 .text.hardware_alarm_set_callback
                0x1000181c       0x90 CMakeFiles/counter.dir/D_/pico/pico-sdk/src/rp2_common/hardware_timer/timer.c.obj
                0x1000181c                hardware_alarm_set_callback
 .text.hardware_alarm_set_target
                0x100018ac       0xe8 CMakeFiles/counter.dir/D_/pico/pico-sdk/src/rp2_common/hardware_timer/timer.c.obj
                0x100018ac                hardware_alarm_set_target
 .text.hardware_alarm_cancel
                0x10001994       0x40 CMakeFiles/counter.dir/D_/pico/pico-sdk/src/rp2_common/hardware_timer/timer.c.obj
                0x10001994                hardware_alarm_cancel
 .text.ph_add_child_node
                0x100019d4       0xa4 CMakeFiles/counter.dir/D_/pico/pico-sdk/src/common/pico_util/pheap.c.obj
 .text.ph_merge_nodes
                0x10001a78       0x3e CMakeFiles/counter.dir/D_/pico/pico-sdk/src/common/pico_util/pheap.c.obj
 *fill*         0x10001ab6        0x2 
 .text.ph_clear
                0x10001ab8       0x70 CMakeFiles/counter.dir/D_/pico/pico-sdk/src/common/pico_util/pheap.c.obj
                0x10001ab8                ph_clear
 .text.ph_post_alloc_init
                0x10001b28        0xe CMakeFiles/counter.dir/D_/pico/pico-sdk/src/common/pico_util/pheap.c.obj
                0x10001b28                ph_post_alloc_init
 *fill*         0x10001b36        0x2 
 .text.ph_merge_two_pass
                0x10001b38       0xa8 CMakeFiles/counter.dir/D_/pico/pico-sdk/src/common/pico_util/pheap.c.obj
                0x10001b38                ph_merge_two_pass
 .text.ph_remove_any_head
                0x10001be0      0x108 CMakeFiles/counter.dir/D_/pico/pico-sdk/src/common/pico_util/pheap.c.obj
 .text.ph_remove_head
                0x10001ce8       0x14 CMakeFiles/counter.dir/D_/pico/pico-sdk/src/common/pico_util/pheap.c.obj
                0x10001ce8                ph_remove_head
 .text.ph_remove_and_free_node
                0x10001cfc       0xf8 CMakeFiles/counter.dir/D_/pico/pico-sdk/src/common/pico_util/pheap.c.obj
                0x10001cfc                ph_remove_and_free_node
 .text.mutex_init
                0x10001df4       0x1a CMakeFiles/counter.dir/D_/pico/pico-sdk/src/common/pico_sync/mutex.c.obj
                0x10001df4                mutex_init
 .text.recursive_mutex_init
                0x10001e0e       0x1e CMakeFiles/counter.dir/D_/pico/pico-sdk/src/common/pico_sync/mutex.c.obj
                0x10001e0e                recursive_mutex_init
 .text.critical_section_init_with_lock_num
                0x10001e2c       0x14 CMakeFiles/counter.dir/D_/pico/pico-sdk/src/common/pico_sync/critical_section.c.obj
                0x10001e2c                critical_section_init_with_lock_num
 .text.critical_section_init
                0x10001e40       0x14 CMakeFiles/counter.dir/D_/pico/pico-sdk/src/common/pico_sync/critical_section.c.obj
                0x10001e40                critical_section_init
 .text._exit    0x10001e54        0x4 CMakeFiles/counter.dir/D_/pico/pico-sdk/src/rp2_common/pico_runtime/runtime.c.obj
                0x10001e54                _exit
 .text.exit     0x10001e58        0x6 CMakeFiles/counter.dir/D_/pico/pico-sdk/src/rp2_common/pico_runtime/runtime.c.obj
                0x10001e58                exit
 *fill*         0x10001e5e        0x2 
 .text.__assert_func
                0x10001e60       0x3c CMakeFiles/counter.dir/D_/pico/pico-sdk/src/rp2_common/pico_runtime/runtime.c.obj
                0x10001e60                __assert_func
 .text.runtime_init
                0x10001e9c       0xf8 CMakeFiles/counter.dir/D_/pico/pico-sdk/src/rp2_common/pico_runtime/runtime.c.obj
                0x10001e9c                runtime_init
 .text.panic    0x10001f94       0x30 CMakeFiles/counter.dir/D_/pico/pico-sdk/src/rp2_common/pico_runtime/runtime.c.obj
                0x10001f94                panic
 .text.clock_configure
                0x10001fc4      0x104 CMakeFiles/counter.dir/D_/pico/pico-sdk/src/rp2_common/hardware_clocks/clocks.c.obj
                0x10001fc4                clock_configure
 .text.clocks_init
                0x100020c8      0x100 CMakeFiles/counter.dir/D_/pico/pico-sdk/src/rp2_common/hardware_clocks/clocks.c.obj
                0x100020c8                clocks_init
 .text.clock_get_hz
                0x100021c8        0xc CMakeFiles/counter.dir/D_/pico/pico-sdk/src/rp2_common/hardware_clocks/clocks.c.obj
                0x100021c8                clock_get_hz
 .text.pll_init
                0x100021d4      0x140 CMakeFiles/counter.dir/D_/pico/pico-sdk/src/rp2_common/hardware_pll/pll.c.obj
                0x100021d4                pll_init
 .text.watchdog_start_tick
                0x10002314       0x10 CMakeFiles/counter.dir/D_/pico/pico-sdk/src/rp2_common/hardware_watchdog/watchdog.c.obj
                0x10002314                watchdog_start_tick
 .text.watchdog_update
                0x10002324       0x14 CMakeFiles/counter.dir/D_/pico/pico-sdk/src/rp2_common/hardware_watchdog/watchdog.c.obj
                0x10002324                watchdog_update
 .text._watchdog_enable
                0x10002338       0x78 CMakeFiles/counter.dir/D_/pico/pico-sdk/src/rp2_common/hardware_watchdog/watchdog.c.obj
                0x10002338                _watchdog_enable
 .text.watchdog_reboot
                0x100023b0       0x48 CMakeFiles/counter.dir/D_/pico/pico-sdk/src/rp2_common/hardware_watchdog/watchdog.c.obj
                0x100023b0                watchdog_reboot
 .text.xosc_init
                0x100023f8       0x28 CMakeFiles/counter.dir/D_/pico/pico-sdk/src/rp2_common/hardware_xosc/xosc.c.obj
                0x100023f8                xosc_init
 .text._out_buffer
                0x10002420        0x8 CMakeFiles/counter.dir/D_/pico/pico-sdk/src/rp2_common/pico_printf/printf.c.obj
 .text._out_null
                0x10002428        0x2 CMakeFiles/counter.dir/D_/pico/pico-sdk/src/rp2_common/pico_printf/printf.c.obj
 .text._out_fct
                0x1000242a        0xe CMakeFiles/counter.dir/D_/pico/pico-sdk/src/rp2_common/pico_printf/printf.c.obj
 .text._atoi    0x10002438       0x24 CMakeFiles/counter.dir/D_/pico/pico-sdk/src/rp2_common/pico_printf/printf.c.obj
 .text._out_rev
                0x1000245c       0xae CMakeFiles/counter.dir/D_/pico/pico-sdk/src/rp2_common/pico_printf/printf.c.obj
 .text._ntoa_format
                0x1000250a      0x112 CMakeFiles/counter.dir/D_/pico/pico-sdk/src/rp2_common/pico_printf/printf.c.obj
 .text._ntoa_long
                0x1000261c       0xbc CMakeFiles/counter.dir/D_/pico/pico-sdk/src/rp2_common/pico_printf/printf.c.obj
 .text._ntoa_long_long
                0x100026d8       0xe2 CMakeFiles/counter.dir/D_/pico/pico-sdk/src/rp2_common/pico_printf/printf.c.obj
 *fill*         0x100027ba        0x2 
 .text._etoa    0x100027bc      0x414 CMakeFiles/counter.dir/D_/pico/pico-sdk/src/rp2_common/pico_printf/printf.c.obj
 .text._ftoa    0x10002bd0      0x354 CMakeFiles/counter.dir/D_/pico/pico-sdk/src/rp2_common/pico_printf/printf.c.obj
 .text._vsnprintf
                0x10002f24      0x624 CMakeFiles/counter.dir/D_/pico/pico-sdk/src/rp2_common/pico_printf/printf.c.obj
 .text.__wrap_snprintf
                0x10003548       0x28 CMakeFiles/counter.dir/D_/pico/pico-sdk/src/rp2_common/pico_printf/printf.c.obj
                0x10003548                __wrap_snprintf
 .text.vfctprintf
                0x10003570       0x20 CMakeFiles/counter.dir/D_/pico/pico-sdk/src/rp2_common/pico_printf/printf.c.obj
                0x10003570                vfctprintf
 .text          0x10003590       0x10 CMakeFiles/counter.dir/D_/pico/pico-sdk/src/rp2_common/pico_bit_ops/bit_ops_aeabi.S.obj
 .text.rom_func_lookup
                0x100035a0       0x10 CMakeFiles/counter.dir/D_/pico/pico-sdk/src/rp2_common/pico_bootrom/bootrom.c.obj
                0x100035a0                rom_func_lookup
 .text.rom_data_lookup
                0x100035b0       0x10 CMakeFiles/counter.dir/D_/pico/pico-sdk/src/rp2_common/pico_bootrom/bootrom.c.obj
                0x100035b0                rom_data_lookup
 .text.rom_funcs_lookup
                0x100035c0       0x36 CMakeFiles/counter.dir/D_/pico/pico-sdk/src/rp2_common/pico_bootrom/bootrom.c.obj
                0x100035c0                rom_funcs_lookup
 *fill*         0x100035f6        0x2 
 .text.__wrap___aeabi_idiv
                0x100035f8       0x50 CMakeFiles/counter.dir/D_/pico/pico-sdk/src/rp2_common/pico_divider/divider.S.obj
                0x100035f8                __wrap___aeabi_idivmod
                0x100035f8                divmod_s32s32
                0x100035f8                div_s32s32
                0x100035f8                __wrap___aeabi_idiv
                0x10003600                divmod_s32s32_unsafe
                0x1000362c                divmod_s32s32_savestate
 .text.__wrap___aeabi_uidiv
                0x10003648       0x4c CMakeFiles/counter.dir/D_/pico/pico-sdk/src/rp2_common/pico_divider/divider.S.obj
                0x10003648                __wrap___aeabi_uidiv
                0x10003648                __wrap___aeabi_uidivmod
                0x10003648                div_u32u32
                0x10003648                divmod_u32u32
                0x10003650                divmod_u32u32_unsafe
                0x10003678                divmod_u32u32_savestate
 .text.__wrap___aeabi_ldiv
                0x10003694      0x434 CMakeFiles/counter.dir/D_/pico/pico-sdk/src/rp2_common/pico_divider/divider.S.obj
                0x10003694                div_s64s64
                0x10003694                divmod_s64s64
                0x10003694                __wrap___aeabi_ldivmod
                0x100036cc                divmod_u64u64
                0x100036cc                div_u64u64
                0x100036cc                __wrap___aeabi_uldivmod
                0x100036dc                divmod_u64u64_savestate
                0x10003704                divmod_s64s64_unsafe
                0x1000378c                divmod_u64u64_unsafe
 .text.__wrap___aeabi_darithmetic
                0x10003ac8       0x80 CMakeFiles/counter.dir/D_/pico/pico-sdk/src/rp2_common/pico_double/double_aeabi.S.obj
                0x10003ac8                __wrap___aeabi_drsub
                0x10003ace                __wrap___aeabi_dsub
                0x10003ae0                __wrap___aeabi_dadd
                0x10003af2                __wrap___aeabi_ddiv
                0x10003b2e                __wrap___aeabi_dmul
 .text.__wrap___aeabi_cdcmple
                0x10003b48       0x6c CMakeFiles/counter.dir/D_/pico/pico-sdk/src/rp2_common/pico_double/double_aeabi.S.obj
                0x10003b48                __wrap___aeabi_cdrcmple
                0x10003b58                __wrap___aeabi_cdcmpeq
                0x10003b58                __wrap___aeabi_cdcmple
 .text.__wrap___aeabi_dcmplt
                0x10003bb4        0xc CMakeFiles/counter.dir/D_/pico/pico-sdk/src/rp2_common/pico_double/double_aeabi.S.obj
                0x10003bb4                __wrap___aeabi_dcmplt
 .text.__wrap___aeabi_dcmple
                0x10003bc0       0x10 CMakeFiles/counter.dir/D_/pico/pico-sdk/src/rp2_common/pico_double/double_aeabi.S.obj
                0x10003bc0                __wrap___aeabi_dcmple
 .text.__wrap___aeabi_dcmpge
                0x10003bd0       0x10 CMakeFiles/counter.dir/D_/pico/pico-sdk/src/rp2_common/pico_double/double_aeabi.S.obj
                0x10003bd0                __wrap___aeabi_dcmpge
 .text.__wrap___aeabi_dcmpgt
                0x10003be0        0xa CMakeFiles/counter.dir/D_/pico/pico-sdk/src/rp2_common/pico_double/double_aeabi.S.obj
                0x10003be0                __wrap___aeabi_dcmpgt
 .text.__wrap___aeabi_dcmpun
                0x10003bea       0x1c CMakeFiles/counter.dir/D_/pico/pico-sdk/src/rp2_common/pico_double/double_aeabi.S.obj
                0x10003bea                __wrap___aeabi_dcmpun
 *fill*         0x10003c06        0x2 
 .text.__wrap___aeabi_i2d
                0x10003c08       0x38 CMakeFiles/counter.dir/D_/pico/pico-sdk/src/rp2_common/pico_double/double_aeabi.S.obj
                0x10003c08                __wrap___aeabi_ui2d
                0x10003c10                __wrap___aeabi_i2d
 .text.__wrap___aeabi_d2iz
                0x10003c40       0x48 CMakeFiles/counter.dir/D_/pico/pico-sdk/src/rp2_common/pico_double/double_aeabi.S.obj
                0x10003c40                double2int_z
                0x10003c40                __wrap___aeabi_d2iz
 .text.__wrap___aeabi_d2uiz
                0x10003c88       0x18 CMakeFiles/counter.dir/D_/pico/pico-sdk/src/rp2_common/pico_double/double_aeabi.S.obj
                0x10003c88                __wrap___aeabi_d2uiz
                0x10003c88                double2uint
 .text.__aeabi_double_init
                0x10003ca0       0xc8 CMakeFiles/counter.dir/D_/pico/pico-sdk/src/rp2_common/pico_double/double_init_rom.c.obj
                0x10003ca0                __aeabi_double_init
 .text.double_table_shim_on_use_helper
                0x10003d68       0x34 CMakeFiles/counter.dir/D_/pico/pico-sdk/src/rp2_common/pico_double/double_v1_rom_shim.S.obj
                0x10003d68                double_table_shim_on_use_helper
 .text.__wrap___aeabi_dsub
                0x10003d9c       0x10 CMakeFiles/counter.dir/D_/pico/pico-sdk/src/rp2_common/pico_double/double_v1_rom_shim.S.obj
                0x10003d9c                drsub_shim
                0x10003da2                dsub_shim
 .text.dadd_shim
                0x10003dac      0x15c CMakeFiles/counter.dir/D_/pico/pico-sdk/src/rp2_common/pico_double/double_v1_rom_shim.S.obj
                0x10003dac                dadd_shim
 .text.dmul_shim
                0x10003f08      0x15c CMakeFiles/counter.dir/D_/pico/pico-sdk/src/rp2_common/pico_double/double_v1_rom_shim.S.obj
                0x10003f08                dmul_shim
 .text.ddiv_shim
                0x10004064      0x1b0 CMakeFiles/counter.dir/D_/pico/pico-sdk/src/rp2_common/pico_double/double_v1_rom_shim.S.obj
                0x10004064                ddiv_shim
 .text.double2uint_shim
                0x10004214        0xe CMakeFiles/counter.dir/D_/pico/pico-sdk/src/rp2_common/pico_double/double_v1_rom_shim.S.obj
                0x10004214                double2uint_shim
                0x10004216                double2ufix_shim
 *fill*         0x10004222        0x2 
 .text.double2uint64_shim
                0x10004224       0x70 CMakeFiles/counter.dir/D_/pico/pico-sdk/src/rp2_common/pico_double/double_v1_rom_shim.S.obj
                0x10004224                double2uint64_shim
                0x10004226                double2ufix64_shim
                0x10004246                d2fix_a
 .text.dunpacks
                0x10004294       0x3c CMakeFiles/counter.dir/D_/pico/pico-sdk/src/rp2_common/pico_double/double_v1_rom_shim.S.obj
                0x10004294                dunpacks
 .text.__aeabi_lmul
                0x100042d0       0x32 CMakeFiles/counter.dir/D_/pico/pico-sdk/src/rp2_common/pico_int64_ops/pico_int64_ops_aeabi.S.obj
                0x100042d0                __wrap___aeabi_lmul
 *fill*         0x10004302        0x2 
 .text.__aeabi_float_init
                0x10004304       0xfc CMakeFiles/counter.dir/D_/pico/pico-sdk/src/rp2_common/pico_float/float_init_rom.c.obj
                0x10004304                __aeabi_float_init
 .text.float_table_shim_on_use_helper
                0x10004400       0x34 CMakeFiles/counter.dir/D_/pico/pico-sdk/src/rp2_common/pico_float/float_v1_rom_shim.S.obj
                0x10004400                float_table_shim_on_use_helper
 .text          0x10004434       0x10 CMakeFiles/counter.dir/D_/pico/pico-sdk/src/rp2_common/pico_mem_ops/mem_ops_aeabi.S.obj
                0x10004434                __aeabi_mem_init
 .text.memset   0x10004444        0xc CMakeFiles/counter.dir/D_/pico/pico-sdk/src/rp2_common/pico_mem_ops/mem_ops_aeabi.S.obj
                0x10004444                __wrap_memset
 .text.memcpy   0x10004450        0xc CMakeFiles/counter.dir/D_/pico/pico-sdk/src/rp2_common/pico_mem_ops/mem_ops_aeabi.S.obj
                0x10004450                __wrap_memcpy
                0x10004450                __wrap___aeabi_memcpy
 .text.stdio_out_chars_no_crlf
                0x1000445c        0xe CMakeFiles/counter.dir/D_/pico/pico-sdk/src/rp2_common/pico_stdio/stdio.c.obj
 *fill*         0x1000446a        0x2 
 .text.stdio_out_chars_crlf
                0x1000446c       0x80 CMakeFiles/counter.dir/D_/pico/pico-sdk/src/rp2_common/pico_stdio/stdio.c.obj
 .text.stdio_stack_buffer_flush
                0x100044ec       0x44 CMakeFiles/counter.dir/D_/pico/pico-sdk/src/rp2_common/pico_stdio/stdio.c.obj
 .text.stdio_buffered_printer
                0x10004530       0x20 CMakeFiles/counter.dir/D_/pico/pico-sdk/src/rp2_common/pico_stdio/stdio.c.obj
 .text.stdout_serialize_begin
                0x10004550       0x30 CMakeFiles/counter.dir/D_/pico/pico-sdk/src/rp2_common/pico_stdio/stdio.c.obj
                0x10004550                stdout_serialize_begin
 .text.stdout_serialize_end
                0x10004580       0x10 CMakeFiles/counter.dir/D_/pico/pico-sdk/src/rp2_common/pico_stdio/stdio.c.obj
                0x10004580                stdout_serialize_end
 .text.stdio_put_string
                0x10004590       0x98 CMakeFiles/counter.dir/D_/pico/pico-sdk/src/rp2_common/pico_stdio/stdio.c.obj
 .text.stdio_set_driver_enabled
                0x10004628       0x2c CMakeFiles/counter.dir/D_/pico/pico-sdk/src/rp2_common/pico_stdio/stdio.c.obj
                0x10004628                stdio_set_driver_enabled
 .text.stdio_flush
                0x10004654       0x20 CMakeFiles/counter.dir/D_/pico/pico-sdk/src/rp2_common/pico_stdio/stdio.c.obj
                0x10004654                stdio_flush
 .text.__wrap_puts
                0x10004674       0x1e CMakeFiles/counter.dir/D_/pico/pico-sdk/src/rp2_common/pico_stdio/stdio.c.obj
                0x10004674                __wrap_puts
 *fill*         0x10004692        0x2 
 .text.__wrap_vprintf
                0x10004694       0x44 CMakeFiles/counter.dir/D_/pico/pico-sdk/src/rp2_common/pico_stdio/stdio.c.obj
                0x10004694                __wrap_vprintf
 .text.__wrap_printf
                0x100046d8       0x18 CMakeFiles/counter.dir/D_/pico/pico-sdk/src/rp2_common/pico_stdio/stdio.c.obj
                0x100046d8                __wrap_printf
 .text.stdio_init_all
                0x100046f0        0x8 CMakeFiles/counter.dir/D_/pico/pico-sdk/src/rp2_common/pico_stdio/stdio.c.obj
                0x100046f0                stdio_init_all
 .text.resetd_init
                0x100046f8        0x2 CMakeFiles/counter.dir/D_/pico/pico-sdk/src/rp2_common/pico_stdio_usb/reset_interface.c.obj
 *fill*         0x100046fa        0x2 
 .text.resetd_reset
                0x100046fc        0xc CMakeFiles/counter.dir/D_/pico/pico-sdk/src/rp2_common/pico_stdio_usb/reset_interface.c.obj
 .text.resetd_open
                0x10004708       0x34 CMakeFiles/counter.dir/D_/pico/pico-sdk/src/rp2_common/pico_stdio_usb/reset_interface.c.obj
 .text.resetd_xfer_cb
                0x1000473c        0x4 CMakeFiles/counter.dir/D_/pico/pico-sdk/src/rp2_common/pico_stdio_usb/reset_interface.c.obj
 .text.reset_usb_boot
                0x10004740       0x18 CMakeFiles/counter.dir/D_/pico/pico-sdk/src/rp2_common/pico_stdio_usb/reset_interface.c.obj
 .text.resetd_control_xfer_cb
                0x10004758       0x5c CMakeFiles/counter.dir/D_/pico/pico-sdk/src/rp2_common/pico_stdio_usb/reset_interface.c.obj
 .text.usbd_app_driver_get_cb
                0x100047b4        0xc CMakeFiles/counter.dir/D_/pico/pico-sdk/src/rp2_common/pico_stdio_usb/reset_interface.c.obj
                0x100047b4                usbd_app_driver_get_cb
 .text.tud_cdc_line_coding_cb
                0x100047c0       0x28 CMakeFiles/counter.dir/D_/pico/pico-sdk/src/rp2_common/pico_stdio_usb/reset_interface.c.obj
                0x100047c0                tud_cdc_line_coding_cb
 .text.stdio_usb_in_chars
                0x100047e8       0x70 CMakeFiles/counter.dir/D_/pico/pico-sdk/src/rp2_common/pico_stdio_usb/stdio_usb.c.obj
                0x100047e8                stdio_usb_in_chars
 .text.low_priority_worker_irq
                0x10004858       0x20 CMakeFiles/counter.dir/D_/pico/pico-sdk/src/rp2_common/pico_stdio_usb/stdio_usb.c.obj
 .text.stdio_usb_out_chars
                0x10004878       0xd4 CMakeFiles/counter.dir/D_/pico/pico-sdk/src/rp2_common/pico_stdio_usb/stdio_usb.c.obj
 .text.timer_task
                0x1000494c       0x40 CMakeFiles/counter.dir/D_/pico/pico-sdk/src/rp2_common/pico_stdio_usb/stdio_usb.c.obj
 .text.usb_irq  0x1000498c       0x10 CMakeFiles/counter.dir/D_/pico/pico-sdk/src/rp2_common/pico_stdio_usb/stdio_usb.c.obj
 .text.stdio_usb_init
                0x1000499c       0xec CMakeFiles/counter.dir/D_/pico/pico-sdk/src/rp2_common/pico_stdio_usb/stdio_usb.c.obj
                0x1000499c                stdio_usb_init
 .text.tud_descriptor_device_cb
                0x10004a88        0x8 CMakeFiles/counter.dir/D_/pico/pico-sdk/src/rp2_common/pico_stdio_usb/stdio_usb_descriptors.c.obj
                0x10004a88                tud_descriptor_device_cb
 .text.tud_descriptor_configuration_cb
                0x10004a90        0x8 CMakeFiles/counter.dir/D_/pico/pico-sdk/src/rp2_common/pico_stdio_usb/stdio_usb_descriptors.c.obj
                0x10004a90                tud_descriptor_configuration_cb
 .text.tud_descriptor_string_cb
                0x10004a98       0x6c CMakeFiles/counter.dir/D_/pico/pico-sdk/src/rp2_common/pico_stdio_usb/stdio_usb_descriptors.c.obj
                0x10004a98                tud_descriptor_string_cb
 .text.hw_endpoint_get_by_addr
                0x10004b04       0x18 CMakeFiles/counter.dir/D_/pico/pico-sdk/lib/tinyusb/src/portable/raspberrypi/rp2040/dcd_rp2040.c.obj
 .text.reset_ep0_pid
                0x10004b1c       0x28 CMakeFiles/counter.dir/D_/pico/pico-sdk/lib/tinyusb/src/portable/raspberrypi/rp2040/dcd_rp2040.c.obj
 .text._hw_endpoint_alloc
                0x10004b44       0x70 CMakeFiles/counter.dir/D_/pico/pico-sdk/lib/tinyusb/src/portable/raspberrypi/rp2040/dcd_rp2040.c.obj
 .text.hw_endpoint_init
                0x10004bb4       0x88 CMakeFiles/counter.dir/D_/pico/pico-sdk/lib/tinyusb/src/portable/raspberrypi/rp2040/dcd_rp2040.c.obj
 .text.reset_non_control_endpoints
                0x10004c3c       0x40 CMakeFiles/counter.dir/D_/pico/pico-sdk/lib/tinyusb/src/portable/raspberrypi/rp2040/dcd_rp2040.c.obj
 .text.hw_handle_buff_status
                0x10004c7c       0x8c CMakeFiles/counter.dir/D_/pico/pico-sdk/lib/tinyusb/src/portable/raspberrypi/rp2040/dcd_rp2040.c.obj
 .text.dcd_rp2040_irq
                0x10004d08       0xc0 CMakeFiles/counter.dir/D_/pico/pico-sdk/lib/tinyusb/src/portable/raspberrypi/rp2040/dcd_rp2040.c.obj
 .text.hw_endpoint_xfer
                0x10004dc8       0x14 CMakeFiles/counter.dir/D_/pico/pico-sdk/lib/tinyusb/src/portable/raspberrypi/rp2040/dcd_rp2040.c.obj
 .text.dcd_int_enable
                0x10004ddc       0x2c CMakeFiles/counter.dir/D_/pico/pico-sdk/lib/tinyusb/src/portable/raspberrypi/rp2040/dcd_rp2040.c.obj
                0x10004ddc                dcd_int_enable
 .text.dcd_set_address
                0x10004e08       0x2c CMakeFiles/counter.dir/D_/pico/pico-sdk/lib/tinyusb/src/portable/raspberrypi/rp2040/dcd_rp2040.c.obj
                0x10004e08                dcd_set_address
 .text.dcd_connect
                0x10004e34       0x10 CMakeFiles/counter.dir/D_/pico/pico-sdk/lib/tinyusb/src/portable/raspberrypi/rp2040/dcd_rp2040.c.obj
                0x10004e34                dcd_connect
 .text.dcd_init
                0x10004e44       0x7c CMakeFiles/counter.dir/D_/pico/pico-sdk/lib/tinyusb/src/portable/raspberrypi/rp2040/dcd_rp2040.c.obj
                0x10004e44                dcd_init
 .text.dcd_edpt0_status_complete
                0x10004ec0       0x1c CMakeFiles/counter.dir/D_/pico/pico-sdk/lib/tinyusb/src/portable/raspberrypi/rp2040/dcd_rp2040.c.obj
                0x10004ec0                dcd_edpt0_status_complete
 .text.dcd_edpt_open
                0x10004edc       0x40 CMakeFiles/counter.dir/D_/pico/pico-sdk/lib/tinyusb/src/portable/raspberrypi/rp2040/dcd_rp2040.c.obj
                0x10004edc                dcd_edpt_open
 .text.dcd_edpt_close_all
                0x10004f1c        0x8 CMakeFiles/counter.dir/D_/pico/pico-sdk/lib/tinyusb/src/portable/raspberrypi/rp2040/dcd_rp2040.c.obj
                0x10004f1c                dcd_edpt_close_all
 .text.dcd_edpt_xfer
                0x10004f24       0x30 CMakeFiles/counter.dir/D_/pico/pico-sdk/lib/tinyusb/src/portable/raspberrypi/rp2040/dcd_rp2040.c.obj
                0x10004f24                dcd_edpt_xfer
 .text.dcd_edpt_stall
                0x10004f54       0x2c CMakeFiles/counter.dir/D_/pico/pico-sdk/lib/tinyusb/src/portable/raspberrypi/rp2040/dcd_rp2040.c.obj
                0x10004f54                dcd_edpt_stall
 .text.dcd_edpt_clear_stall
                0x10004f80       0x20 CMakeFiles/counter.dir/D_/pico/pico-sdk/lib/tinyusb/src/portable/raspberrypi/rp2040/dcd_rp2040.c.obj
                0x10004f80                dcd_edpt_clear_stall
 .text.prepare_ep_buffer
                0x10004fa0       0x70 CMakeFiles/counter.dir/D_/pico/pico-sdk/lib/tinyusb/src/portable/raspberrypi/rp2040/rp2040_usb.c.obj
 .text.sync_ep_buffer
                0x10005010       0x7c CMakeFiles/counter.dir/D_/pico/pico-sdk/lib/tinyusb/src/portable/raspberrypi/rp2040/rp2040_usb.c.obj
 .text._hw_endpoint_xfer_sync
                0x1000508c       0x28 CMakeFiles/counter.dir/D_/pico/pico-sdk/lib/tinyusb/src/portable/raspberrypi/rp2040/rp2040_usb.c.obj
 .text.rp2040_usb_init
                0x100050b4       0x4c CMakeFiles/counter.dir/D_/pico/pico-sdk/lib/tinyusb/src/portable/raspberrypi/rp2040/rp2040_usb.c.obj
                0x100050b4                rp2040_usb_init
 .text.hw_endpoint_reset_transfer
                0x10005100        0xc CMakeFiles/counter.dir/D_/pico/pico-sdk/lib/tinyusb/src/portable/raspberrypi/rp2040/rp2040_usb.c.obj
                0x10005100                hw_endpoint_reset_transfer
 .text._hw_endpoint_buffer_control_update32
                0x1000510c       0x58 CMakeFiles/counter.dir/D_/pico/pico-sdk/lib/tinyusb/src/portable/raspberrypi/rp2040/rp2040_usb.c.obj
                0x1000510c                _hw_endpoint_buffer_control_update32
 .text._hw_endpoint_start_next_buffer
                0x10005164       0x74 CMakeFiles/counter.dir/D_/pico/pico-sdk/lib/tinyusb/src/portable/raspberrypi/rp2040/rp2040_usb.c.obj
 .text.hw_endpoint_xfer_start
                0x100051d8       0x48 CMakeFiles/counter.dir/D_/pico/pico-sdk/lib/tinyusb/src/portable/raspberrypi/rp2040/rp2040_usb.c.obj
                0x100051d8                hw_endpoint_xfer_start
 .text.hw_endpoint_xfer_continue
                0x10005220       0x38 CMakeFiles/counter.dir/D_/pico/pico-sdk/lib/tinyusb/src/portable/raspberrypi/rp2040/rp2040_usb.c.obj
                0x10005220                hw_endpoint_xfer_continue
 .text.configuration_reset
                0x10005258       0x84 CMakeFiles/counter.dir/D_/pico/pico-sdk/lib/tinyusb/src/device/usbd.c.obj
 .text.usbd_reset
                0x100052dc        0xc CMakeFiles/counter.dir/D_/pico/pico-sdk/lib/tinyusb/src/device/usbd.c.obj
 .text.invoke_class_control
                0x100052e8       0x1a CMakeFiles/counter.dir/D_/pico/pico-sdk/lib/tinyusb/src/device/usbd.c.obj
 *fill*         0x10005302        0x2 
 .text.process_set_config
                0x10005304      0x1b0 CMakeFiles/counter.dir/D_/pico/pico-sdk/lib/tinyusb/src/device/usbd.c.obj
 .text.process_get_descriptor
                0x100054b4       0xec CMakeFiles/counter.dir/D_/pico/pico-sdk/lib/tinyusb/src/device/usbd.c.obj
 .text.tud_mounted
                0x100055a0       0x10 CMakeFiles/counter.dir/D_/pico/pico-sdk/lib/tinyusb/src/device/usbd.c.obj
                0x100055a0                tud_mounted
 .text.tud_suspended
                0x100055b0       0x10 CMakeFiles/counter.dir/D_/pico/pico-sdk/lib/tinyusb/src/device/usbd.c.obj
                0x100055b0                tud_suspended
 .text.tud_inited
                0x100055c0        0xc CMakeFiles/counter.dir/D_/pico/pico-sdk/lib/tinyusb/src/device/usbd.c.obj
                0x100055c0                tud_inited
 .text.tud_init
                0x100055cc       0xcc CMakeFiles/counter.dir/D_/pico/pico-sdk/lib/tinyusb/src/device/usbd.c.obj
                0x100055cc                tud_init
 .text.dcd_event_handler
                0x10005698      0x1e0 CMakeFiles/counter.dir/D_/pico/pico-sdk/lib/tinyusb/src/device/usbd.c.obj
                0x10005698                dcd_event_handler
 .text.dcd_event_bus_signal
                0x10005878       0x26 CMakeFiles/counter.dir/D_/pico/pico-sdk/lib/tinyusb/src/device/usbd.c.obj
                0x10005878                dcd_event_bus_signal
 .text.dcd_event_bus_reset
                0x1000589e       0x2a CMakeFiles/counter.dir/D_/pico/pico-sdk/lib/tinyusb/src/device/usbd.c.obj
                0x1000589e                dcd_event_bus_reset
 .text.dcd_event_setup_received
                0x100058c8       0x34 CMakeFiles/counter.dir/D_/pico/pico-sdk/lib/tinyusb/src/device/usbd.c.obj
                0x100058c8                dcd_event_setup_received
 .text.dcd_event_xfer_complete
                0x100058fc       0x44 CMakeFiles/counter.dir/D_/pico/pico-sdk/lib/tinyusb/src/device/usbd.c.obj
                0x100058fc                dcd_event_xfer_complete
 .text.usbd_edpt_open
                0x10005940       0x58 CMakeFiles/counter.dir/D_/pico/pico-sdk/lib/tinyusb/src/device/usbd.c.obj
                0x10005940                usbd_edpt_open
 .text.usbd_open_edpt_pair
                0x10005998       0x8c CMakeFiles/counter.dir/D_/pico/pico-sdk/lib/tinyusb/src/device/usbd.c.obj
                0x10005998                usbd_open_edpt_pair
 .text.usbd_edpt_claim
                0x10005a24       0x8c CMakeFiles/counter.dir/D_/pico/pico-sdk/lib/tinyusb/src/device/usbd.c.obj
                0x10005a24                usbd_edpt_claim
 .text.usbd_edpt_release
                0x10005ab0       0x68 CMakeFiles/counter.dir/D_/pico/pico-sdk/lib/tinyusb/src/device/usbd.c.obj
                0x10005ab0                usbd_edpt_release
 .text.usbd_edpt_xfer
                0x10005b18       0x80 CMakeFiles/counter.dir/D_/pico/pico-sdk/lib/tinyusb/src/device/usbd.c.obj
                0x10005b18                usbd_edpt_xfer
 .text.usbd_edpt_stall
                0x10005b98       0x40 CMakeFiles/counter.dir/D_/pico/pico-sdk/lib/tinyusb/src/device/usbd.c.obj
                0x10005b98                usbd_edpt_stall
 .text.usbd_edpt_clear_stall
                0x10005bd8       0x40 CMakeFiles/counter.dir/D_/pico/pico-sdk/lib/tinyusb/src/device/usbd.c.obj
                0x10005bd8                usbd_edpt_clear_stall
 .text.usbd_edpt_stalled
                0x10005c18       0x1c CMakeFiles/counter.dir/D_/pico/pico-sdk/lib/tinyusb/src/device/usbd.c.obj
                0x10005c18                usbd_edpt_stalled
 .text.process_control_request
                0x10005c34      0x3b8 CMakeFiles/counter.dir/D_/pico/pico-sdk/lib/tinyusb/src/device/usbd.c.obj
 .text.tud_task
                0x10005fec      0x218 CMakeFiles/counter.dir/D_/pico/pico-sdk/lib/tinyusb/src/device/usbd.c.obj
                0x10005fec                tud_task
 .text._data_stage_xact
                0x10006204       0x58 CMakeFiles/counter.dir/D_/pico/pico-sdk/lib/tinyusb/src/device/usbd_control.c.obj
 .text.tud_control_status
                0x1000625c       0x38 CMakeFiles/counter.dir/D_/pico/pico-sdk/lib/tinyusb/src/device/usbd_control.c.obj
                0x1000625c                tud_control_status
 .text.tud_control_xfer
                0x10006294       0xa8 CMakeFiles/counter.dir/D_/pico/pico-sdk/lib/tinyusb/src/device/usbd_control.c.obj
                0x10006294                tud_control_xfer
 .text.usbd_control_reset
                0x1000633c       0x14 CMakeFiles/counter.dir/D_/pico/pico-sdk/lib/tinyusb/src/device/usbd_control.c.obj
                0x1000633c                usbd_control_reset
 .text.usbd_control_set_complete_callback
                0x10006350        0xc CMakeFiles/counter.dir/D_/pico/pico-sdk/lib/tinyusb/src/device/usbd_control.c.obj
                0x10006350                usbd_control_set_complete_callback
 .text.usbd_control_set_request
                0x1000635c       0x1c CMakeFiles/counter.dir/D_/pico/pico-sdk/lib/tinyusb/src/device/usbd_control.c.obj
                0x1000635c                usbd_control_set_request
 .text.usbd_control_xfer_cb
                0x10006378       0xfc CMakeFiles/counter.dir/D_/pico/pico-sdk/lib/tinyusb/src/device/usbd_control.c.obj
                0x10006378                usbd_control_xfer_cb
 .text._prep_out_transaction
                0x10006474       0x46 CMakeFiles/counter.dir/D_/pico/pico-sdk/lib/tinyusb/src/class/cdc/cdc_device.c.obj
 *fill*         0x100064ba        0x2 
 .text.tud_cdc_n_connected
                0x100064bc       0x44 CMakeFiles/counter.dir/D_/pico/pico-sdk/lib/tinyusb/src/class/cdc/cdc_device.c.obj
                0x100064bc                tud_cdc_n_connected
 .text.tud_cdc_n_available
                0x10006500       0x18 CMakeFiles/counter.dir/D_/pico/pico-sdk/lib/tinyusb/src/class/cdc/cdc_device.c.obj
                0x10006500                tud_cdc_n_available
 .text.tud_cdc_n_read
                0x10006518       0x28 CMakeFiles/counter.dir/D_/pico/pico-sdk/lib/tinyusb/src/class/cdc/cdc_device.c.obj
                0x10006518                tud_cdc_n_read
 .text.tud_cdc_n_write_flush
                0x10006540       0xcc CMakeFiles/counter.dir/D_/pico/pico-sdk/lib/tinyusb/src/class/cdc/cdc_device.c.obj
                0x10006540                tud_cdc_n_write_flush
 .text.tud_cdc_n_write
                0x1000660c       0x38 CMakeFiles/counter.dir/D_/pico/pico-sdk/lib/tinyusb/src/class/cdc/cdc_device.c.obj
                0x1000660c                tud_cdc_n_write
 .text.tud_cdc_n_write_available
                0x10006644       0x1c CMakeFiles/counter.dir/D_/pico/pico-sdk/lib/tinyusb/src/class/cdc/cdc_device.c.obj
                0x10006644                tud_cdc_n_write_available
 .text.cdcd_init
                0x10006660       0xbc CMakeFiles/counter.dir/D_/pico/pico-sdk/lib/tinyusb/src/class/cdc/cdc_device.c.obj
                0x10006660                cdcd_init
 .text.cdcd_reset
                0x1000671c       0x44 CMakeFiles/counter.dir/D_/pico/pico-sdk/lib/tinyusb/src/class/cdc/cdc_device.c.obj
                0x1000671c                cdcd_reset
 .text.cdcd_open
                0x10006760       0xf8 CMakeFiles/counter.dir/D_/pico/pico-sdk/lib/tinyusb/src/class/cdc/cdc_device.c.obj
                0x10006760                cdcd_open
 .text.cdcd_control_xfer_cb
                0x10006858      0x134 CMakeFiles/counter.dir/D_/pico/pico-sdk/lib/tinyusb/src/class/cdc/cdc_device.c.obj
                0x10006858                cdcd_control_xfer_cb
 .text.cdcd_xfer_cb
                0x1000698c      0x144 CMakeFiles/counter.dir/D_/pico/pico-sdk/lib/tinyusb/src/class/cdc/cdc_device.c.obj
                0x1000698c                cdcd_xfer_cb
 .text.tusb_init
                0x10006ad0       0x24 CMakeFiles/counter.dir/D_/pico/pico-sdk/lib/tinyusb/src/tusb.c.obj
                0x10006ad0                tusb_init
 .text.tusb_inited
                0x10006af4        0xe CMakeFiles/counter.dir/D_/pico/pico-sdk/lib/tinyusb/src/tusb.c.obj
                0x10006af4                tusb_inited
 *fill*         0x10006b02        0x2 
 .text.tu_edpt_validate
                0x10006b04       0xa8 CMakeFiles/counter.dir/D_/pico/pico-sdk/lib/tinyusb/src/tusb.c.obj
                0x10006b04                tu_edpt_validate
 .text.tu_edpt_bind_driver
                0x10006bac       0x2a CMakeFiles/counter.dir/D_/pico/pico-sdk/lib/tinyusb/src/tusb.c.obj
                0x10006bac                tu_edpt_bind_driver
 .text.advance_pointer
                0x10006bd6       0x18 CMakeFiles/counter.dir/D_/pico/pico-sdk/lib/tinyusb/src/common/tusb_fifo.c.obj
 .text.backward_pointer
                0x10006bee       0x1e CMakeFiles/counter.dir/D_/pico/pico-sdk/lib/tinyusb/src/common/tusb_fifo.c.obj
 .text.get_relative_pointer
                0x10006c0c       0x10 CMakeFiles/counter.dir/D_/pico/pico-sdk/lib/tinyusb/src/common/tusb_fifo.c.obj
 .text._tu_fifo_peek
                0x10006c1c       0x50 CMakeFiles/counter.dir/D_/pico/pico-sdk/lib/tinyusb/src/common/tusb_fifo.c.obj
 .text._ff_pull_const_addr
                0x10006c6c       0x4c CMakeFiles/counter.dir/D_/pico/pico-sdk/lib/tinyusb/src/common/tusb_fifo.c.obj
 .text._ff_pull_n
                0x10006cb8      0x10c CMakeFiles/counter.dir/D_/pico/pico-sdk/lib/tinyusb/src/common/tusb_fifo.c.obj
 .text._tu_fifo_peek_n
                0x10006dc4       0x5e CMakeFiles/counter.dir/D_/pico/pico-sdk/lib/tinyusb/src/common/tusb_fifo.c.obj
 .text._tu_fifo_read_n
                0x10006e22       0x4e CMakeFiles/counter.dir/D_/pico/pico-sdk/lib/tinyusb/src/common/tusb_fifo.c.obj
 .text._ff_push_const_addr
                0x10006e70       0x40 CMakeFiles/counter.dir/D_/pico/pico-sdk/lib/tinyusb/src/common/tusb_fifo.c.obj
 .text._ff_push_n
                0x10006eb0      0x108 CMakeFiles/counter.dir/D_/pico/pico-sdk/lib/tinyusb/src/common/tusb_fifo.c.obj
 .text._tu_fifo_write_n
                0x10006fb8       0x9e CMakeFiles/counter.dir/D_/pico/pico-sdk/lib/tinyusb/src/common/tusb_fifo.c.obj
 .text.tu_fifo_config
                0x10007056       0x72 CMakeFiles/counter.dir/D_/pico/pico-sdk/lib/tinyusb/src/common/tusb_fifo.c.obj
                0x10007056                tu_fifo_config
 .text.tu_fifo_count
                0x100070c8       0x26 CMakeFiles/counter.dir/D_/pico/pico-sdk/lib/tinyusb/src/common/tusb_fifo.c.obj
                0x100070c8                tu_fifo_count
 .text.tu_fifo_empty
                0x100070ee       0x10 CMakeFiles/counter.dir/D_/pico/pico-sdk/lib/tinyusb/src/common/tusb_fifo.c.obj
                0x100070ee                tu_fifo_empty
 .text.tu_fifo_remaining
                0x100070fe       0x20 CMakeFiles/counter.dir/D_/pico/pico-sdk/lib/tinyusb/src/common/tusb_fifo.c.obj
                0x100070fe                tu_fifo_remaining
 .text.tu_fifo_read
                0x1000711e       0x42 CMakeFiles/counter.dir/D_/pico/pico-sdk/lib/tinyusb/src/common/tusb_fifo.c.obj
                0x1000711e                tu_fifo_read
 .text.tu_fifo_read_n
                0x10007160        0xa CMakeFiles/counter.dir/D_/pico/pico-sdk/lib/tinyusb/src/common/tusb_fifo.c.obj
                0x10007160                tu_fifo_read_n
 .text.tu_fifo_write
                0x1000716a       0x6c CMakeFiles/counter.dir/D_/pico/pico-sdk/lib/tinyusb/src/common/tusb_fifo.c.obj
                0x1000716a                tu_fifo_write
 .text.tu_fifo_write_n
                0x100071d6        0xa CMakeFiles/counter.dir/D_/pico/pico-sdk/lib/tinyusb/src/common/tusb_fifo.c.obj
                0x100071d6                tu_fifo_write_n
 .text.tu_fifo_clear
                0x100071e0       0x4c CMakeFiles/counter.dir/D_/pico/pico-sdk/lib/tinyusb/src/common/tusb_fifo.c.obj
                0x100071e0                tu_fifo_clear
 .text.tu_fifo_set_overwritable
                0x1000722c       0x3c CMakeFiles/counter.dir/D_/pico/pico-sdk/lib/tinyusb/src/common/tusb_fifo.c.obj
                0x1000722c                tu_fifo_set_overwritable
 .text._retrieve_unique_id_on_boot
                0x10007268       0x10 CMakeFiles/counter.dir/D_/pico/pico-sdk/src/rp2_common/pico_unique_id/unique_id.c.obj
 .text.pico_get_unique_board_id_string
                0x10007278       0x60 CMakeFiles/counter.dir/D_/pico/pico-sdk/src/rp2_common/pico_unique_id/unique_id.c.obj
                0x10007278                pico_get_unique_board_id_string
 .text.flash_get_unique_id
                0x100072d8       0x46 CMakeFiles/counter.dir/D_/pico/pico-sdk/src/rp2_common/hardware_flash/flash.c.obj
                0x100072d8                flash_get_unique_id
 .text.spi_set_baudrate
                0x1000731e       0x92 CMakeFiles/counter.dir/D_/pico/pico-sdk/src/rp2_common/hardware_spi/spi.c.obj
                0x1000731e                spi_set_baudrate
 .text.spi_init
                0x100073b0       0x68 CMakeFiles/counter.dir/D_/pico/pico-sdk/src/rp2_common/hardware_spi/spi.c.obj
                0x100073b0                spi_init
 .text.ST7735_Select
                0x10007418       0x14 ..\..\include\LCD_st7735\libLCD_st7735.a(LCD_st7735.c.obj)
 .text.ST7735_Reset
                0x1000742c       0x20 ..\..\include\LCD_st7735\libLCD_st7735.a(LCD_st7735.c.obj)
 .text.ST7735_WriteCommand
                0x1000744c       0x2c ..\..\include\LCD_st7735\libLCD_st7735.a(LCD_st7735.c.obj)
 .text.ST7735_WriteData
                0x10007478       0x24 ..\..\include\LCD_st7735\libLCD_st7735.a(LCD_st7735.c.obj)
 .text.ST7735_ExecuteCommandList
                0x1000749c       0x4e ..\..\include\LCD_st7735\libLCD_st7735.a(LCD_st7735.c.obj)
 .text.ST7735_SetAddressWindow
                0x100074ea       0x50 ..\..\include\LCD_st7735\libLCD_st7735.a(LCD_st7735.c.obj)
 .text.ST7735_WriteChar
                0x1000753a       0xac ..\..\include\LCD_st7735\libLCD_st7735.a(LCD_st7735.c.obj)
 *fill*         0x100075e6        0x2 
 .text.ST7735_Unselect
                0x100075e8       0x14 ..\..\include\LCD_st7735\libLCD_st7735.a(LCD_st7735.c.obj)
                0x100075e8                ST7735_Unselect
 .text.ST7735_Init
                0x100075fc       0x34 ..\..\include\LCD_st7735\libLCD_st7735.a(LCD_st7735.c.obj)
                0x100075fc                ST7735_Init
 .text.ST7735_WriteString
                0x10007630       0x82 ..\..\include\LCD_st7735\libLCD_st7735.a(LCD_st7735.c.obj)
                0x10007630                ST7735_WriteString
 *fill*         0x100076b2        0x2 
 .text.ST7735_FillRectangle
                0x100076b4       0x9c ..\..\include\LCD_st7735\libLCD_st7735.a(LCD_st7735.c.obj)
                0x100076b4                ST7735_FillRectangle
 .text.ST7735_FillScreen
                0x10007750       0x16 ..\..\include\LCD_st7735\libLCD_st7735.a(LCD_st7735.c.obj)
                0x10007750                ST7735_FillScreen
 .text.DEV_Digital_Write
                0x10007766       0x18 ..\..\include\LCD_st7735\libLCD_st7735.a(DEV_Config.c.obj)
                0x10007766                DEV_Digital_Write
 .text.DEV_GPIO_Mode
                0x1000777e       0x26 ..\..\include\LCD_st7735\libLCD_st7735.a(DEV_Config.c.obj)
                0x1000777e                DEV_GPIO_Mode
 .text.DEV_GPIO_Init
                0x100077a4       0x38 ..\..\include\LCD_st7735\libLCD_st7735.a(DEV_Config.c.obj)
                0x100077a4                DEV_GPIO_Init
 .text.DEV_Module_Init
                0x100077dc       0x40 ..\..\include\LCD_st7735\libLCD_st7735.a(DEV_Config.c.obj)
                0x100077dc                DEV_Module_Init
 .text.strlen   0x1000781c       0x5c d:/pico/armcc/10 2021.10/bin/../lib/gcc/arm-none-eabi/10.3.1/../../../../arm-none-eabi/lib/thumb/v6-m/nofp\libg.a(lib_a-strlen-stub.o)
                0x1000781c                strlen
 *(.fini)
 .fini          0x10007878        0x4 d:/pico/armcc/10 2021.10/bin/../lib/gcc/arm-none-eabi/10.3.1/thumb/v6-m/nofp/crti.o
                0x10007878                _fini
 *fill*         0x1000787c        0x4 
 .fini.__stub   0x10007880       0x80 linker stubs
 *crtbegin.o(.ctors)
 *crtbegin?.o(.ctors)
 *(EXCLUDE_FILE(*crtend.o *crtend?.o) .ctors)
 *(SORT_BY_NAME(.ctors.*))
 *(.ctors)
 *crtbegin.o(.dtors)
 *crtbegin?.o(.dtors)
 *(EXCLUDE_FILE(*crtend.o *crtend?.o) .dtors)
 *(SORT_BY_NAME(.dtors.*))
 *(.dtors)
 *(.eh_frame*)
 .eh_frame      0x10007900        0x0 d:/pico/armcc/10 2021.10/bin/../lib/gcc/arm-none-eabi/10.3.1/thumb/v6-m/nofp/crtbegin.o
                0x10007900                . = ALIGN (0x4)

.glue_7         0x10007900        0x0
 .glue_7        0x10007900        0x0 linker stubs

.glue_7t        0x10007900        0x0
 .glue_7t       0x10007900        0x0 linker stubs

.vfp11_veneer   0x10007900        0x0
 .vfp11_veneer  0x10007900        0x0 linker stubs

.v4_bx          0x10007900        0x0
 .v4_bx         0x10007900        0x0 linker stubs

.iplt           0x10007900        0x0
 .iplt          0x10007900        0x0 d:/pico/armcc/10 2021.10/bin/../lib/gcc/arm-none-eabi/10.3.1/thumb/v6-m/nofp/crtbegin.o

.rodata         0x10007900     0x2a10
 *(EXCLUDE_FILE(*libm.a: *libc.a:*lib_a-mem*.o *libgcc.a:) .rodata*)
 .rodata.loop.str1.4
                0x10007900        0xf CMakeFiles/counter.dir/main_functions.c.obj
 *fill*         0x1000790f        0x1 
 .rodata.spin_lock_claim_unused.str1.4
                0x10007910       0x1b CMakeFiles/counter.dir/D_/pico/pico-sdk/src/rp2_common/hardware_sync/sync.c.obj
 *fill*         0x1000792b        0x1 
 .rodata.make_branch.str1.4
                0x1000792c       0x63 CMakeFiles/counter.dir/D_/pico/pico-sdk/src/rp2_common/hardware_irq/irq.c.obj
 *fill*         0x1000798f        0x1 
 .rodata.insert_branch_and_link.str1.4
                0x10007990       0x10 CMakeFiles/counter.dir/D_/pico/pico-sdk/src/rp2_common/hardware_irq/irq.c.obj
 .rodata.irq_set_exclusive_handler.str1.4
                0x100079a0       0x36 CMakeFiles/counter.dir/D_/pico/pico-sdk/src/rp2_common/hardware_irq/irq.c.obj
 *fill*         0x100079d6        0x2 
 .rodata.irq_add_shared_handler.str1.4
                0x100079d8       0xd9 CMakeFiles/counter.dir/D_/pico/pico-sdk/src/rp2_common/hardware_irq/irq.c.obj
 *fill*         0x10007ab1        0x3 
 .rodata.irq_remove_handler.str1.4
                0x10007ab4       0x2a CMakeFiles/counter.dir/D_/pico/pico-sdk/src/rp2_common/hardware_irq/irq.c.obj
 *fill*         0x10007ade        0x2 
 .rodata.irq_add_tail_to_free_list.str1.4
                0x10007ae0       0x3a CMakeFiles/counter.dir/D_/pico/pico-sdk/src/rp2_common/hardware_irq/irq.c.obj
 *fill*         0x10007b1a        0x2 
 .rodata.user_irq_claim_unused.str1.4
                0x10007b1c       0x1b CMakeFiles/counter.dir/D_/pico/pico-sdk/src/rp2_common/hardware_irq/irq.c.obj
 *fill*         0x10007b37        0x1 
 .rodata.__func__.0
                0x10007b38       0x1a CMakeFiles/counter.dir/D_/pico/pico-sdk/src/rp2_common/hardware_irq/irq.c.obj
 *fill*         0x10007b52        0x2 
 .rodata.__func__.1
                0x10007b54       0x17 CMakeFiles/counter.dir/D_/pico/pico-sdk/src/rp2_common/hardware_irq/irq.c.obj
 *fill*         0x10007b6b        0x1 
 .rodata.__func__.2
                0x10007b6c       0x13 CMakeFiles/counter.dir/D_/pico/pico-sdk/src/rp2_common/hardware_irq/irq.c.obj
 *fill*         0x10007b7f        0x1 
 .rodata.__func__.3
                0x10007b80        0xc CMakeFiles/counter.dir/D_/pico/pico-sdk/src/rp2_common/hardware_irq/irq.c.obj
 .rodata.__func__.4
                0x10007b8c        0xf CMakeFiles/counter.dir/D_/pico/pico-sdk/src/rp2_common/hardware_irq/irq.c.obj
 *fill*         0x10007b9b        0x1 
 .rodata.__func__.5
                0x10007b9c       0x17 CMakeFiles/counter.dir/D_/pico/pico-sdk/src/rp2_common/hardware_irq/irq.c.obj
 *fill*         0x10007bb3        0x1 
 .rodata.__func__.6
                0x10007bb4       0x1a CMakeFiles/counter.dir/D_/pico/pico-sdk/src/rp2_common/hardware_irq/irq.c.obj
 *fill*         0x10007bce        0x2 
 .rodata.repeating_timer_callback.str1.4
                0x10007bd0       0x41 CMakeFiles/counter.dir/D_/pico/pico-sdk/src/common/pico_time/time.c.obj
 *fill*         0x10007c11        0x3 
 .rodata.alarm_pool_dump_key.str1.4
                0x10007c14       0x33 CMakeFiles/counter.dir/D_/pico/pico-sdk/src/common/pico_time/time.c.obj
 *fill*         0x10007c47        0x1 
 .rodata.ph_add_child_node.str1.4
                0x10007c48       0x8a CMakeFiles/counter.dir/D_/pico/pico-sdk/src/common/pico_time/time.c.obj
 *fill*         0x10007cd2        0x2 
 .rodata.add_alarm_under_lock.str1.4
                0x10007cd4       0x28 CMakeFiles/counter.dir/D_/pico/pico-sdk/src/common/pico_time/time.c.obj
                                 0x2b (size before relaxing)
 .rodata.alarm_pool_alarm_callback.str1.4
                0x10007cfc       0xda CMakeFiles/counter.dir/D_/pico/pico-sdk/src/common/pico_time/time.c.obj
 *fill*         0x10007dd6        0x2 
 .rodata.alarm_pool_get_default.str1.4
                0x10007dd8       0x21 CMakeFiles/counter.dir/D_/pico/pico-sdk/src/common/pico_time/time.c.obj
 *fill*         0x10007df9        0x3 
 .rodata.alarm_pool_cancel_alarm.str1.4
                0x10007dfc       0x27 CMakeFiles/counter.dir/D_/pico/pico-sdk/src/common/pico_time/time.c.obj
 *fill*         0x10007e23        0x1 
 .rodata.sleep_until.str1.4
                0x10007e24       0x4d CMakeFiles/counter.dir/D_/pico/pico-sdk/src/common/pico_time/time.c.obj
 *fill*         0x10007e71        0x3 
 .rodata.__func__.1
                0x10007e74       0x18 CMakeFiles/counter.dir/D_/pico/pico-sdk/src/common/pico_time/time.c.obj
 .rodata.__func__.10
                0x10007e8c       0x15 CMakeFiles/counter.dir/D_/pico/pico-sdk/src/common/pico_time/time.c.obj
 *fill*         0x10007ea1        0x3 
 .rodata.__func__.11
                0x10007ea4       0x1a CMakeFiles/counter.dir/D_/pico/pico-sdk/src/common/pico_time/time.c.obj
 *fill*         0x10007ebe        0x2 
 .rodata.__func__.12
                0x10007ec0        0xa CMakeFiles/counter.dir/D_/pico/pico-sdk/src/common/pico_time/time.c.obj
 *fill*         0x10007eca        0x2 
 .rodata.__func__.3
                0x10007ecc       0x17 CMakeFiles/counter.dir/D_/pico/pico-sdk/src/common/pico_time/time.c.obj
 *fill*         0x10007ee3        0x1 
 .rodata.__func__.4
                0x10007ee4       0x12 CMakeFiles/counter.dir/D_/pico/pico-sdk/src/common/pico_time/time.c.obj
 *fill*         0x10007ef6        0x2 
 .rodata.__func__.5
                0x10007ef8        0xd CMakeFiles/counter.dir/D_/pico/pico-sdk/src/common/pico_time/time.c.obj
 *fill*         0x10007f05        0x3 
 .rodata.__func__.6
                0x10007f08       0x12 CMakeFiles/counter.dir/D_/pico/pico-sdk/src/common/pico_time/time.c.obj
 *fill*         0x10007f1a        0x2 
 .rodata.__func__.7
                0x10007f1c        0xf CMakeFiles/counter.dir/D_/pico/pico-sdk/src/common/pico_time/time.c.obj
 *fill*         0x10007f2b        0x1 
 .rodata.__func__.8
                0x10007f2c        0xc CMakeFiles/counter.dir/D_/pico/pico-sdk/src/common/pico_time/time.c.obj
 .rodata.__func__.9
                0x10007f38       0x15 CMakeFiles/counter.dir/D_/pico/pico-sdk/src/common/pico_time/time.c.obj
 *fill*         0x10007f4d        0x3 
 .rodata.hardware_alarm_claim.str1.4
                0x10007f50       0x22 CMakeFiles/counter.dir/D_/pico/pico-sdk/src/rp2_common/hardware_timer/timer.c.obj
 *fill*         0x10007f72        0x2 
 .rodata.hardware_alarm_set_target.str1.4
                0x10007f74       0x5b CMakeFiles/counter.dir/D_/pico/pico-sdk/src/rp2_common/hardware_timer/timer.c.obj
 *fill*         0x10007fcf        0x1 
 .rodata.__func__.0
                0x10007fd0       0x1a CMakeFiles/counter.dir/D_/pico/pico-sdk/src/rp2_common/hardware_timer/timer.c.obj
 .rodata.ph_add_child_node.str1.4
                0x10007fea       0x8a CMakeFiles/counter.dir/D_/pico/pico-sdk/src/common/pico_util/pheap.c.obj
 *fill*         0x10007fea        0x2 
 .rodata.ph_remove_any_head.str1.4
                0x10007fec       0x84 CMakeFiles/counter.dir/D_/pico/pico-sdk/src/common/pico_util/pheap.c.obj
 .rodata.ph_remove_and_free_node.str1.4
                0x10008070       0x1e CMakeFiles/counter.dir/D_/pico/pico-sdk/src/common/pico_util/pheap.c.obj
                                 0x26 (size before relaxing)
 *fill*         0x1000808e        0x2 
 .rodata.__func__.0
                0x10008090       0x18 CMakeFiles/counter.dir/D_/pico/pico-sdk/src/common/pico_util/pheap.c.obj
 .rodata.__func__.1
                0x100080a8       0x13 CMakeFiles/counter.dir/D_/pico/pico-sdk/src/common/pico_util/pheap.c.obj
 *fill*         0x100080bb        0x1 
 .rodata.__func__.2
                0x100080bc       0x12 CMakeFiles/counter.dir/D_/pico/pico-sdk/src/common/pico_util/pheap.c.obj
 *fill*         0x100080ce        0x2 
 .rodata.__func__.3
                0x100080d0        0xc CMakeFiles/counter.dir/D_/pico/pico-sdk/src/common/pico_util/pheap.c.obj
 .rodata.str1.4
                0x100080dc       0x81 CMakeFiles/counter.dir/D_/pico/pico-sdk/src/common/pico_sync/mutex.c.obj
                                 0xd9 (size before relaxing)
 *fill*         0x1000815d        0x3 
 .rodata.__func__.1
                0x10008160        0xb CMakeFiles/counter.dir/D_/pico/pico-sdk/src/common/pico_sync/mutex.c.obj
 *fill*         0x1000816b        0x1 
 .rodata.__func__.3
                0x1000816c       0x18 CMakeFiles/counter.dir/D_/pico/pico-sdk/src/common/pico_sync/mutex.c.obj
 .rodata.__func__.4
                0x10008184       0x15 CMakeFiles/counter.dir/D_/pico/pico-sdk/src/common/pico_sync/mutex.c.obj
 *fill*         0x10008199        0x3 
 .rodata.__assert_func.str1.4
                0x1000819c       0x3f CMakeFiles/counter.dir/D_/pico/pico-sdk/src/rp2_common/pico_runtime/runtime.c.obj
                                 0x43 (size before relaxing)
 *fill*         0x100081db        0x1 
 .rodata.runtime_init.str1.4
                0x100081dc       0x57 CMakeFiles/counter.dir/D_/pico/pico-sdk/src/rp2_common/pico_runtime/runtime.c.obj
 *fill*         0x10008233        0x1 
 .rodata.panic.str1.4
                0x10008234       0x12 CMakeFiles/counter.dir/D_/pico/pico-sdk/src/rp2_common/pico_runtime/runtime.c.obj
 *fill*         0x10008246        0x2 
 .rodata.__func__.1
                0x10008248        0xd CMakeFiles/counter.dir/D_/pico/pico-sdk/src/rp2_common/pico_runtime/runtime.c.obj
 *fill*         0x10008255        0x3 
 .rodata.clock_configure.str1.4
                0x10008258       0x4d CMakeFiles/counter.dir/D_/pico/pico-sdk/src/rp2_common/hardware_clocks/clocks.c.obj
 *fill*         0x100082a5        0x3 
 .rodata.__func__.1
                0x100082a8       0x10 CMakeFiles/counter.dir/D_/pico/pico-sdk/src/rp2_common/hardware_clocks/clocks.c.obj
 .rodata.pll_init.str1.4
                0x100082b8      0x12f CMakeFiles/counter.dir/D_/pico/pico-sdk/src/rp2_common/hardware_pll/pll.c.obj
 *fill*         0x100083e7        0x1 
 .rodata.__func__.0
                0x100083e8        0x9 CMakeFiles/counter.dir/D_/pico/pico-sdk/src/rp2_common/hardware_pll/pll.c.obj
 *fill*         0x100083f1        0x3 
 .rodata._ftoa.str1.4
                0x100083f4       0x15 CMakeFiles/counter.dir/D_/pico/pico-sdk/src/rp2_common/pico_printf/printf.c.obj
 *fill*         0x10008409        0x3 
 .rodata._vsnprintf
                0x1000840c      0x1e0 CMakeFiles/counter.dir/D_/pico/pico-sdk/src/rp2_common/pico_printf/printf.c.obj
 *fill*         0x100085ec        0x4 
 .rodata.pow10.0
                0x100085f0       0x50 CMakeFiles/counter.dir/D_/pico/pico-sdk/src/rp2_common/pico_printf/printf.c.obj
 .rodata.__aeabi_double_init.str1.4
                0x10008640       0x9e CMakeFiles/counter.dir/D_/pico/pico-sdk/src/rp2_common/pico_double/double_init_rom.c.obj
 *fill*         0x100086de        0x2 
 .rodata.__func__.0
                0x100086e0       0x14 CMakeFiles/counter.dir/D_/pico/pico-sdk/src/rp2_common/pico_double/double_init_rom.c.obj
 .rodata.__aeabi_float_init.str1.4
                0x100086f4       0x70 CMakeFiles/counter.dir/D_/pico/pico-sdk/src/rp2_common/pico_float/float_init_rom.c.obj
                                 0x74 (size before relaxing)
 .rodata.__func__.0
                0x10008764       0x13 CMakeFiles/counter.dir/D_/pico/pico-sdk/src/rp2_common/pico_float/float_init_rom.c.obj
 *fill*         0x10008777        0x1 
 .rodata.str1.4
                0x10008778       0x3c CMakeFiles/counter.dir/D_/pico/pico-sdk/src/rp2_common/pico_standard_link/binary_info.c.obj
 .rodata.__bi_44
                0x100087b4        0xc CMakeFiles/counter.dir/D_/pico/pico-sdk/src/rp2_common/pico_standard_link/binary_info.c.obj
 .rodata.__bi_75
                0x100087c0        0xc CMakeFiles/counter.dir/D_/pico/pico-sdk/src/rp2_common/pico_standard_link/binary_info.c.obj
 .rodata.__bi_81
                0x100087cc        0xc CMakeFiles/counter.dir/D_/pico/pico-sdk/src/rp2_common/pico_standard_link/binary_info.c.obj
 .rodata.crlf_str.3
                0x100087d8        0x2 CMakeFiles/counter.dir/D_/pico/pico-sdk/src/rp2_common/pico_stdio/stdio.c.obj
 *fill*         0x100087da        0x2 
 .rodata._resetd_driver
                0x100087dc       0x18 CMakeFiles/counter.dir/D_/pico/pico-sdk/src/rp2_common/pico_stdio_usb/reset_interface.c.obj
 .rodata.timer_task.str1.4
                0x100087f4       0x63 CMakeFiles/counter.dir/D_/pico/pico-sdk/src/rp2_common/pico_stdio_usb/stdio_usb.c.obj
 .rodata.stdio_usb_init.str1.4
                0x10008857       0x57 CMakeFiles/counter.dir/D_/pico/pico-sdk/src/rp2_common/pico_stdio_usb/stdio_usb.c.obj
 *fill*         0x10008857        0x1 
 .rodata.str1.4
                0x10008858       0x13 CMakeFiles/counter.dir/D_/pico/pico-sdk/src/rp2_common/pico_stdio_usb/stdio_usb.c.obj
 *fill*         0x1000886b        0x1 
 .rodata.__bi_118.2
                0x1000886c        0xc CMakeFiles/counter.dir/D_/pico/pico-sdk/src/rp2_common/pico_stdio_usb/stdio_usb.c.obj
 .rodata.__func__.0
                0x10008878       0x15 CMakeFiles/counter.dir/D_/pico/pico-sdk/src/rp2_common/pico_stdio_usb/stdio_usb.c.obj
 *fill*         0x1000888d        0x3 
 .rodata.__func__.1
                0x10008890        0xb CMakeFiles/counter.dir/D_/pico/pico-sdk/src/rp2_common/pico_stdio_usb/stdio_usb.c.obj
 *fill*         0x1000889b        0x1 
 .rodata.str1.4
                0x1000889c       0x2a CMakeFiles/counter.dir/D_/pico/pico-sdk/src/rp2_common/pico_stdio_usb/stdio_usb_descriptors.c.obj
 *fill*         0x100088c6        0x2 
 .rodata.usbd_desc_cfg
                0x100088c8       0x54 CMakeFiles/counter.dir/D_/pico/pico-sdk/src/rp2_common/pico_stdio_usb/stdio_usb_descriptors.c.obj
 .rodata.usbd_desc_device
                0x1000891c       0x12 CMakeFiles/counter.dir/D_/pico/pico-sdk/src/rp2_common/pico_stdio_usb/stdio_usb_descriptors.c.obj
 *fill*         0x1000892e        0x2 
 .rodata.usbd_desc_str
                0x10008930       0x18 CMakeFiles/counter.dir/D_/pico/pico-sdk/src/rp2_common/pico_stdio_usb/stdio_usb_descriptors.c.obj
 .rodata._hw_endpoint_alloc.str1.4
                0x10008948       0xad CMakeFiles/counter.dir/D_/pico/pico-sdk/lib/tinyusb/src/portable/raspberrypi/rp2040/dcd_rp2040.c.obj
 *fill*         0x100089f5        0x3 
 .rodata.dcd_rp2040_irq.str1.4
                0x100089f8       0x14 CMakeFiles/counter.dir/D_/pico/pico-sdk/lib/tinyusb/src/portable/raspberrypi/rp2040/dcd_rp2040.c.obj
 .rodata.dcd_int_enable.str1.4
                0x10008a0c        0xc CMakeFiles/counter.dir/D_/pico/pico-sdk/lib/tinyusb/src/portable/raspberrypi/rp2040/dcd_rp2040.c.obj
 .rodata.__func__.0
                0x10008a18        0xe CMakeFiles/counter.dir/D_/pico/pico-sdk/lib/tinyusb/src/portable/raspberrypi/rp2040/dcd_rp2040.c.obj
 *fill*         0x10008a26        0x2 
 .rodata.__func__.1
                0x10008a28        0xe CMakeFiles/counter.dir/D_/pico/pico-sdk/lib/tinyusb/src/portable/raspberrypi/rp2040/dcd_rp2040.c.obj
 *fill*         0x10008a36        0x2 
 .rodata.__func__.3
                0x10008a38       0x10 CMakeFiles/counter.dir/D_/pico/pico-sdk/lib/tinyusb/src/portable/raspberrypi/rp2040/dcd_rp2040.c.obj
 .rodata.__func__.5
                0x10008a48        0xf CMakeFiles/counter.dir/D_/pico/pico-sdk/lib/tinyusb/src/portable/raspberrypi/rp2040/dcd_rp2040.c.obj
 *fill*         0x10008a57        0x1 
 .rodata.__func__.6
                0x10008a58       0x13 CMakeFiles/counter.dir/D_/pico/pico-sdk/lib/tinyusb/src/portable/raspberrypi/rp2040/dcd_rp2040.c.obj
 *fill*         0x10008a6b        0x1 
 .rodata.__func__.7
                0x10008a6c        0x9 CMakeFiles/counter.dir/D_/pico/pico-sdk/lib/tinyusb/src/portable/raspberrypi/rp2040/dcd_rp2040.c.obj
 *fill*         0x10008a75        0x3 
 .rodata.sync_ep_buffer.str1.4
                0x10008a78       0x89 CMakeFiles/counter.dir/D_/pico/pico-sdk/lib/tinyusb/src/portable/raspberrypi/rp2040/rp2040_usb.c.obj
 *fill*         0x10008b01        0x3 
 .rodata._hw_endpoint_buffer_control_update32.str1.4
                0x10008b04       0x1f CMakeFiles/counter.dir/D_/pico/pico-sdk/lib/tinyusb/src/portable/raspberrypi/rp2040/rp2040_usb.c.obj
 *fill*         0x10008b23        0x1 
 .rodata.hw_endpoint_xfer_start.str1.4
                0x10008b24       0x38 CMakeFiles/counter.dir/D_/pico/pico-sdk/lib/tinyusb/src/portable/raspberrypi/rp2040/rp2040_usb.c.obj
 .rodata.hw_endpoint_xfer_continue.str1.4
                0x10008b5c       0x29 CMakeFiles/counter.dir/D_/pico/pico-sdk/lib/tinyusb/src/portable/raspberrypi/rp2040/rp2040_usb.c.obj
 *fill*         0x10008b85        0x3 
 .rodata.str1.4
                0x10008b88        0x7 CMakeFiles/counter.dir/D_/pico/pico-sdk/lib/tinyusb/src/portable/raspberrypi/rp2040/rp2040_usb.c.obj
 *fill*         0x10008b8f        0x1 
 .rodata.__func__.0
                0x10008b90        0xf CMakeFiles/counter.dir/D_/pico/pico-sdk/lib/tinyusb/src/portable/raspberrypi/rp2040/rp2040_usb.c.obj
 *fill*         0x10008b9f        0x1 
 .rodata.process_set_config.str1.4
                0x10008ba0       0x17 CMakeFiles/counter.dir/D_/pico/pico-sdk/lib/tinyusb/src/device/usbd.c.obj
 *fill*         0x10008bb7        0x1 
 .rodata.process_get_descriptor
                0x10008bb8       0x40 CMakeFiles/counter.dir/D_/pico/pico-sdk/lib/tinyusb/src/device/usbd.c.obj
 .rodata.process_control_request
                0x10008bf8       0x28 CMakeFiles/counter.dir/D_/pico/pico-sdk/lib/tinyusb/src/device/usbd.c.obj
 .rodata.tud_task
                0x10008c20       0x24 CMakeFiles/counter.dir/D_/pico/pico-sdk/lib/tinyusb/src/device/usbd.c.obj
 .rodata.__func__.2
                0x10008c44        0xf CMakeFiles/counter.dir/D_/pico/pico-sdk/lib/tinyusb/src/device/usbd.c.obj
 *fill*         0x10008c53        0x1 
 .rodata.__func__.3
                0x10008c54        0xf CMakeFiles/counter.dir/D_/pico/pico-sdk/lib/tinyusb/src/device/usbd.c.obj
 *fill*         0x10008c63        0x1 
 .rodata.__func__.4
                0x10008c64       0x14 CMakeFiles/counter.dir/D_/pico/pico-sdk/lib/tinyusb/src/device/usbd.c.obj
 .rodata.__func__.5
                0x10008c78       0x10 CMakeFiles/counter.dir/D_/pico/pico-sdk/lib/tinyusb/src/device/usbd.c.obj
 .rodata.__func__.6
                0x10008c88       0x17 CMakeFiles/counter.dir/D_/pico/pico-sdk/lib/tinyusb/src/device/usbd.c.obj
 *fill*         0x10008c9f        0x1 
 .rodata.__func__.7
                0x10008ca0       0x13 CMakeFiles/counter.dir/D_/pico/pico-sdk/lib/tinyusb/src/device/usbd.c.obj
 *fill*         0x10008cb3        0x1 
 .rodata.__func__.8
                0x10008cb4       0x18 CMakeFiles/counter.dir/D_/pico/pico-sdk/lib/tinyusb/src/device/usbd.c.obj
 .rodata.__func__.9
                0x10008ccc        0x9 CMakeFiles/counter.dir/D_/pico/pico-sdk/lib/tinyusb/src/device/usbd.c.obj
 *fill*         0x10008cd5        0x3 
 .rodata._usbd_driver
                0x10008cd8       0x18 CMakeFiles/counter.dir/D_/pico/pico-sdk/lib/tinyusb/src/device/usbd.c.obj
 .rodata.tud_control_xfer.str1.4
                0x10008cf0       0x17 CMakeFiles/counter.dir/D_/pico/pico-sdk/lib/tinyusb/src/device/usbd_control.c.obj
 .rodata.__func__.0
                0x10008cf0       0x15 CMakeFiles/counter.dir/D_/pico/pico-sdk/lib/tinyusb/src/device/usbd_control.c.obj
 *fill*         0x10008d05        0x3 
 .rodata.__func__.1
                0x10008d08       0x11 CMakeFiles/counter.dir/D_/pico/pico-sdk/lib/tinyusb/src/device/usbd_control.c.obj
 .rodata.tud_cdc_n_write_flush.str1.4
                0x10008d19       0x17 CMakeFiles/counter.dir/D_/pico/pico-sdk/lib/tinyusb/src/class/cdc/cdc_device.c.obj
 *fill*         0x10008d19        0x3 
 .rodata.__func__.0
                0x10008d1c        0xd CMakeFiles/counter.dir/D_/pico/pico-sdk/lib/tinyusb/src/class/cdc/cdc_device.c.obj
 *fill*         0x10008d29        0x3 
 .rodata.__func__.1
                0x10008d2c        0xa CMakeFiles/counter.dir/D_/pico/pico-sdk/lib/tinyusb/src/class/cdc/cdc_device.c.obj
 *fill*         0x10008d36        0x2 
 .rodata.__func__.2
                0x10008d38       0x16 CMakeFiles/counter.dir/D_/pico/pico-sdk/lib/tinyusb/src/class/cdc/cdc_device.c.obj
 .rodata.tusb_init.str1.4
                0x10008d4e       0x17 CMakeFiles/counter.dir/D_/pico/pico-sdk/lib/tinyusb/src/tusb.c.obj
 *fill*         0x10008d4e        0x2 
 .rodata.__func__.0
                0x10008d50       0x11 CMakeFiles/counter.dir/D_/pico/pico-sdk/lib/tinyusb/src/tusb.c.obj
 *fill*         0x10008d61        0x3 
 .rodata.__func__.1
                0x10008d64        0xa CMakeFiles/counter.dir/D_/pico/pico-sdk/lib/tinyusb/src/tusb.c.obj
 *fill*         0x10008d6e        0x2 
 .rodata.pico_get_unique_board_id_string.str1.4
                0x10008d70       0x43 CMakeFiles/counter.dir/D_/pico/pico-sdk/src/rp2_common/pico_unique_id/unique_id.c.obj
 *fill*         0x10008db3        0x1 
 .rodata.__func__.0
                0x10008db4       0x20 CMakeFiles/counter.dir/D_/pico/pico-sdk/src/rp2_common/pico_unique_id/unique_id.c.obj
 .rodata.str1.4
                0x10008dd4      0x14e CMakeFiles/counter.dir/D_/pico/pico-sdk/src/rp2_common/hardware_flash/flash.c.obj
 *fill*         0x10008f22        0x2 
 .rodata.__func__.0
                0x10008f24        0xd CMakeFiles/counter.dir/D_/pico/pico-sdk/src/rp2_common/hardware_flash/flash.c.obj
 *fill*         0x10008f31        0x3 
 .rodata.init_cmds1
                0x10008f34       0x3b ..\..\include\LCD_st7735\libLCD_st7735.a(LCD_st7735.c.obj)
 *fill*         0x10008f6f        0x1 
 .rodata.init_cmds2
                0x10008f70        0xd ..\..\include\LCD_st7735\libLCD_st7735.a(LCD_st7735.c.obj)
 *fill*         0x10008f7d        0x3 
 .rodata.init_cmds3
                0x10008f80       0x2b ..\..\include\LCD_st7735\libLCD_st7735.a(LCD_st7735.c.obj)
 *fill*         0x10008fab        0x1 
 .rodata.Font16x26
                0x10008fac     0x134c ..\..\include\LCD_st7735\libLCD_st7735.a(fonts.c.obj)
 .rodata.DEV_Module_Init.str1.4
                0x1000a2f8       0x15 ..\..\include\LCD_st7735\libLCD_st7735.a(DEV_Config.c.obj)
                0x1000a310                . = ALIGN (0x4)
 *fill*         0x1000a30d        0x3 
 *(SORT_BY_ALIGNMENT(SORT_BY_NAME(.flashdata*)))
                0x1000a310                . = ALIGN (0x4)

.rel.dyn        0x1000a310        0x0
 .rel.iplt      0x1000a310        0x0 d:/pico/armcc/10 2021.10/bin/../lib/gcc/arm-none-eabi/10.3.1/thumb/v6-m/nofp/crtbegin.o

.ARM.extab
 *(.ARM.extab* .gnu.linkonce.armextab.*)
                0x1000a310                __exidx_start = .

.ARM.exidx
 *(.ARM.exidx* .gnu.linkonce.armexidx.*)
                0x1000a310                __exidx_end = .
                0x1000a310                . = ALIGN (0x4)
                0x1000a310                __binary_info_start = .

.binary_info    0x1000a310       0x20
 *(.binary_info.keep.*)
 .binary_info.keep.__bi_ptr22
                0x1000a310        0x4 CMakeFiles/counter.dir/D_/pico/pico-sdk/src/rp2_common/pico_standard_link/binary_info.c.obj
 .binary_info.keep.__bi_ptr30
                0x1000a314        0x4 CMakeFiles/counter.dir/D_/pico/pico-sdk/src/rp2_common/pico_standard_link/binary_info.c.obj
 .binary_info.keep.__bi_ptr38
                0x1000a318        0x4 CMakeFiles/counter.dir/D_/pico/pico-sdk/src/rp2_common/pico_standard_link/binary_info.c.obj
 .binary_info.keep.__bi_ptr44
                0x1000a31c        0x4 CMakeFiles/counter.dir/D_/pico/pico-sdk/src/rp2_common/pico_standard_link/binary_info.c.obj
 .binary_info.keep.__bi_ptr50
                0x1000a320        0x4 CMakeFiles/counter.dir/D_/pico/pico-sdk/src/rp2_common/pico_standard_link/binary_info.c.obj
 .binary_info.keep.__bi_ptr75
                0x1000a324        0x4 CMakeFiles/counter.dir/D_/pico/pico-sdk/src/rp2_common/pico_standard_link/binary_info.c.obj
 .binary_info.keep.__bi_ptr81
                0x1000a328        0x4 CMakeFiles/counter.dir/D_/pico/pico-sdk/src/rp2_common/pico_standard_link/binary_info.c.obj
 *(.binary_info.*)
 .binary_info.__bi_ptr118
                0x1000a32c        0x4 CMakeFiles/counter.dir/D_/pico/pico-sdk/src/rp2_common/pico_stdio_usb/stdio_usb.c.obj
                0x1000a330                __binary_info_end = .
                0x1000a330                . = ALIGN (0x4)
                0x1000a330                __etext = .

.ram_vector_table
                0x20000000       0xc0
 *(.ram_vector_table)
 .ram_vector_table
                0x20000000       0xc0 CMakeFiles/counter.dir/D_/pico/pico-sdk/src/rp2_common/pico_runtime/runtime.c.obj
                0x20000000                ram_vector_table

.data           0x200000c0      0x4bc load address 0x1000a330
                0x200000c0                __data_start__ = .
 *(vtable)
 *(.time_critical*)
 .time_critical.mutex_enter_blocking
                0x200000c0       0x48 CMakeFiles/counter.dir/D_/pico/pico-sdk/src/common/pico_sync/mutex.c.obj
                0x200000c0                mutex_enter_blocking
 .time_critical.mutex_try_enter
                0x20000108       0x46 CMakeFiles/counter.dir/D_/pico/pico-sdk/src/common/pico_sync/mutex.c.obj
                0x20000108                mutex_try_enter
 *fill*         0x2000014e        0x2 
 .time_critical.mutex_enter_block_until
                0x20000150       0x8c CMakeFiles/counter.dir/D_/pico/pico-sdk/src/common/pico_sync/mutex.c.obj
                0x20000150                mutex_enter_block_until
 .time_critical.mutex_enter_timeout_ms
                0x200001dc       0x74 CMakeFiles/counter.dir/D_/pico/pico-sdk/src/common/pico_sync/mutex.c.obj
                0x200001dc                mutex_enter_timeout_ms
 .time_critical.mutex_exit
                0x20000250       0x4c CMakeFiles/counter.dir/D_/pico/pico-sdk/src/common/pico_sync/mutex.c.obj
                0x20000250                mutex_exit
 .time_critical.flash_init_boot2_copyout
                0x2000029c       0x30 CMakeFiles/counter.dir/D_/pico/pico-sdk/src/rp2_common/hardware_flash/flash.c.obj
 .time_critical.flash_enable_xip_via_boot2
                0x200002cc       0x10 CMakeFiles/counter.dir/D_/pico/pico-sdk/src/rp2_common/hardware_flash/flash.c.obj
 .time_critical.flash_cs_force
                0x200002dc       0x28 CMakeFiles/counter.dir/D_/pico/pico-sdk/src/rp2_common/hardware_flash/flash.c.obj
 .time_critical.flash_do_cmd
                0x20000304       0xd8 CMakeFiles/counter.dir/D_/pico/pico-sdk/src/rp2_common/hardware_flash/flash.c.obj
                0x20000304                flash_do_cmd
 .time_critical.spi_write_blocking
                0x200003dc       0x3a CMakeFiles/counter.dir/D_/pico/pico-sdk/src/rp2_common/hardware_spi/spi.c.obj
                0x200003dc                spi_write_blocking
 *(.text*)
 *fill*         0x20000416        0x2 
 .text          0x20000418        0x4 d:/pico/armcc/10 2021.10/bin/../lib/gcc/arm-none-eabi/10.3.1/thumb/v6-m/nofp\libgcc.a(_dvmd_tls.o)
                0x20000418                __aeabi_idiv0
                0x20000418                __aeabi_ldiv0
 *fill*         0x2000041c        0x4 
 .text.__stub   0x20000420       0x40 linker stubs
                0x20000460                . = ALIGN (0x4)
 *(.rodata*)
                0x20000460                . = ALIGN (0x4)
 *(.data*)
 .data.striped_spin_lock_num
                0x20000460        0x1 CMakeFiles/counter.dir/D_/pico/pico-sdk/src/rp2_common/hardware_sync/sync.c.obj
 *fill*         0x20000461        0x3 
 .data          0x20000464       0x48 CMakeFiles/counter.dir/D_/pico/pico-sdk/src/rp2_common/hardware_irq/irq_handler_chain.S.obj
                0x20000464                irq_handler_chain_slots
                0x20000494                irq_handler_chain_first_slot
                0x2000049e                irq_handler_chain_remove_tail
 .data.default_alarm_pool
                0x200004ac       0x18 CMakeFiles/counter.dir/D_/pico/pico-sdk/src/common/pico_time/time.c.obj
 .data.default_alarm_pool_heap
                0x200004c4       0x10 CMakeFiles/counter.dir/D_/pico/pico-sdk/src/common/pico_time/time.c.obj
 *fill*         0x200004d4        0xc 
 .data.aeabi_bits_funcs
                0x200004e0       0x10 CMakeFiles/counter.dir/D_/pico/pico-sdk/src/rp2_common/pico_bit_ops/bit_ops_aeabi.S.obj
                0x200004e0                aeabi_bits_funcs
                0x200004f0                aeabi_bits_funcs_end
 .data.aeabi_mem_funcs
                0x200004f0       0x10 CMakeFiles/counter.dir/D_/pico/pico-sdk/src/rp2_common/pico_mem_ops/mem_ops_aeabi.S.obj
                0x200004f0                aeabi_mem_funcs
                0x20000500                aeabi_mem_funcs_end
 .data.stdio_usb
                0x20000500       0x14 CMakeFiles/counter.dir/D_/pico/pico-sdk/src/rp2_common/pico_stdio_usb/stdio_usb.c.obj
                0x20000500                stdio_usb
 .data.ep_dir_string
                0x20000514        0x8 CMakeFiles/counter.dir/D_/pico/pico-sdk/lib/tinyusb/src/portable/raspberrypi/rp2040/rp2040_usb.c.obj
                0x20000514                ep_dir_string
 .data._usbd_qdef
                0x2000051c       0x24 CMakeFiles/counter.dir/D_/pico/pico-sdk/lib/tinyusb/src/device/usbd.c.obj
                0x2000051c                _usbd_qdef
 .data.Font_16x26
                0x20000540        0x8 ..\..\include\LCD_st7735\libLCD_st7735.a(fonts.c.obj)
                0x20000540                Font_16x26
 .data.EPD_CLK_PIN
                0x20000548        0x4 ..\..\include\LCD_st7735\libLCD_st7735.a(DEV_Config.c.obj)
                0x20000548                EPD_CLK_PIN
 .data.EPD_CS_PIN
                0x2000054c        0x4 ..\..\include\LCD_st7735\libLCD_st7735.a(DEV_Config.c.obj)
                0x2000054c                EPD_CS_PIN
 .data.EPD_DC_PIN
                0x20000550        0x4 ..\..\include\LCD_st7735\libLCD_st7735.a(DEV_Config.c.obj)
                0x20000550                EPD_DC_PIN
 .data.EPD_MOSI_PIN
                0x20000554        0x4 ..\..\include\LCD_st7735\libLCD_st7735.a(DEV_Config.c.obj)
                0x20000554                EPD_MOSI_PIN
 .data.EPD_RST_PIN
                0x20000558        0x4 ..\..\include\LCD_st7735\libLCD_st7735.a(DEV_Config.c.obj)
                0x20000558                EPD_RST_PIN
                0x2000055c                . = ALIGN (0x4)
 *(.after_data.*)
                0x2000055c                . = ALIGN (0x4)
                0x2000055c                PROVIDE (__mutex_array_start = .)
 *(SORT_BY_NAME(.mutex_array.*))
 *(.mutex_array)
 .mutex_array   0x2000055c        0x8 CMakeFiles/counter.dir/D_/pico/pico-sdk/src/rp2_common/pico_stdio/stdio.c.obj
                0x20000564                PROVIDE (__mutex_array_end = .)
                0x20000564                . = ALIGN (0x4)
                0x20000564                PROVIDE (__preinit_array_start = .)
 *(SORT_BY_NAME(.preinit_array.*))
 .preinit_array.00001
                0x20000564        0x4 CMakeFiles/counter.dir/D_/pico/pico-sdk/src/rp2_common/pico_mem_ops/mem_ops_aeabi.S.obj
 .preinit_array.00010
                0x20000568        0x4 CMakeFiles/counter.dir/D_/pico/pico-sdk/src/rp2_common/pico_bit_ops/bit_ops_aeabi.S.obj
 .preinit_array.00020
                0x2000056c        0x4 CMakeFiles/counter.dir/D_/pico/pico-sdk/src/rp2_common/pico_double/double_aeabi.S.obj
 .preinit_array.00020
                0x20000570        0x4 CMakeFiles/counter.dir/D_/pico/pico-sdk/src/rp2_common/pico_float/float_aeabi.S.obj
 *(.preinit_array)
                0x20000574                PROVIDE (__preinit_array_end = .)
                0x20000574                . = ALIGN (0x4)
                0x20000574                PROVIDE (__init_array_start = .)
 *(SORT_BY_NAME(.init_array.*))
 *(.init_array)
 .init_array    0x20000574        0x4 d:/pico/armcc/10 2021.10/bin/../lib/gcc/arm-none-eabi/10.3.1/thumb/v6-m/nofp/crtbegin.o
 .init_array    0x20000578        0x4 CMakeFiles/counter.dir/D_/pico/pico-sdk/src/rp2_common/pico_unique_id/unique_id.c.obj
                0x2000057c                PROVIDE (__init_array_end = .)
                0x2000057c                . = ALIGN (0x4)
                [!provide]                PROVIDE (__fini_array_start = .)
 *(SORT_BY_NAME(.fini_array.*))
 *(.fini_array)
                [!provide]                PROVIDE (__fini_array_end = .)
 *(.jcr)
                0x2000057c                . = ALIGN (0x4)
                0x2000057c                __data_end__ = .

.igot.plt       0x2000057c        0x0 load address 0x1000a7ec
 .igot.plt      0x2000057c        0x0 d:/pico/armcc/10 2021.10/bin/../lib/gcc/arm-none-eabi/10.3.1/thumb/v6-m/nofp/crtbegin.o

.uninitialized_data
                0x2000057c        0x0 load address 0x1000a7ec
                0x2000057c                . = ALIGN (0x4)
 *(.uninitialized_data*)

.scratch_x      0x20040000        0x0 load address 0x1000a7ec
                0x20040000                __scratch_x_start__ = .
 *(.scratch_x.*)
                0x20040000                . = ALIGN (0x4)
                0x20040000                __scratch_x_end__ = .
                0x1000a7ec                __scratch_x_source__ = LOADADDR (.scratch_x)

.scratch_y      0x20041000        0x0 load address 0x1000a7ec
                0x20041000                __scratch_y_start__ = .
 *(.scratch_y.*)
                0x20041000                . = ALIGN (0x4)
                0x20041000                __scratch_y_end__ = .
                0x1000a7ec                __scratch_y_source__ = LOADADDR (.scratch_y)

.bss            0x20000580      0xd84
                0x20000580                . = ALIGN (0x4)
                0x20000580                __bss_start__ = .
 *(SORT_BY_ALIGNMENT(SORT_BY_NAME(.bss*)))
 .bss.default_alarm_pool_entries
                0x20000580      0x100 CMakeFiles/counter.dir/D_/pico/pico-sdk/src/common/pico_time/time.c.obj
 .bss.last_avail_time.3
                0x20000680        0x8 CMakeFiles/counter.dir/D_/pico/pico-sdk/src/rp2_common/pico_stdio_usb/stdio_usb.c.obj
 .bss           0x20000688       0x1c d:/pico/armcc/10 2021.10/bin/../lib/gcc/arm-none-eabi/10.3.1/thumb/v6-m/nofp/crtbegin.o
 .bss._app_driver
                0x200006a4        0x4 CMakeFiles/counter.dir/D_/pico/pico-sdk/lib/tinyusb/src/device/usbd.c.obj
 .bss._cdcd_itf
                0x200006a8      0x2d8 CMakeFiles/counter.dir/D_/pico/pico-sdk/lib/tinyusb/src/class/cdc/cdc_device.c.obj
 .bss._ctrl_xfer
                0x20000980       0x14 CMakeFiles/counter.dir/D_/pico/pico-sdk/lib/tinyusb/src/device/usbd_control.c.obj
 .bss._ubsd_mutexdef
                0x20000994        0x8 CMakeFiles/counter.dir/D_/pico/pico-sdk/lib/tinyusb/src/device/usbd.c.obj
 .bss._usbd_ctrl_buf
                0x2000099c       0x40 CMakeFiles/counter.dir/D_/pico/pico-sdk/lib/tinyusb/src/device/usbd_control.c.obj
 .bss._usbd_dev